=== cc1psx -G8




gcc2_compiled.:
__gnu_compiled_c:


f:
	subu	$sp,$sp,24
	sw	$16,16($sp)
	sw	$31,20($sp)
	jal	ratan2
	move	$16,$6

	subu	$3,$0,$2
	la	$2,D_pair
	sh	$3,D_pair
	sh	$16,D_pair+2
	lw	$31,20($sp)
	lw	$16,16($sp)
	addu	$sp,$sp,24
	j	$31
=== our cc1 -G0
gcc2_compiled.:
f:
	subu	$sp,$sp,24
	sw	$16,16($sp)
	sw	$31,20($sp)
	jal	ratan2
	move	$16,$6
	la	$3,D_pair
	subu	$4,$0,$2
	move	$2,$3
	sh	$4,0($2)
	sh	$16,D_pair+2
	lw	$31,20($sp)
	lw	$16,16($sp)
	addu	$sp,$sp,24
	j	$31
.Lfe1:
=== our cc1 -G8
gcc2_compiled.:
.Lfe1:
f:
	subu	$sp,$sp,24
	sw	$16,16($sp)
	sw	$31,20($sp)
	jal	ratan2
	move	$16,$6
	subu	$3,$0,$2
	la	$2,D_pair
	sh	$3,D_pair
	sh	$16,D_pair+2
	lw	$31,20($sp)
	lw	$16,16($sp)
	addu	$sp,$sp,24
	j	$31
