# lcomm_align_probe.sh output (Sony ASPSX 2.34 -G8 + PSYLINK 2.37, psyq3.5, dosemu2), 2026-10-01
# source: .lcomm a1,1 / b8,8 / c1,1 / d2,2 / e1,1 / f3,3 / g1,1 / h5,5 / i1,1 / j6,6 / k1,1 / l7,7 / m1,1 / n4,4 / o1,1 / p16,16 / q1,1 / r12,12 / s1x,1 / t9,9

    Start     Stop   Length      Obj Group            Section name
 80010000 80010067 00000068 80010000 TEXT             .TEXT
 80010068 800100BB 00000054 80010068 SBSS             .SBSS
 800100BC 800100E3 00000028 800100BC BSS              .BSS
80010000 +-104 FA
80010068 +  0 a1
8001006c +  4 b8
80010074 + 12 c1
80010078 + 16 d2
8001007c + 20 e1
80010080 + 24 f3
80010084 + 28 g1
80010088 + 32 h5
80010090 + 40 i1
80010094 + 44 j6
8001009c + 52 k1
800100a0 + 56 l7
800100a8 + 64 m1
800100ac + 68 n4
800100b0 + 72 o1
800100b4 + 76 q1
800100b8 + 80 s1x
800100bc + 84 p16
800100cc +100 r12
800100d8 +112 t9
