;; Function func_800759D0
Register 72 used 35 times across 312 insns; crosses 16 calls; GR_REGS or none; pointer.
Register 73 used 10 times across 159 insns; dies in 0 places; crosses 8 calls; GR_REGS or none.
Register 74 used 3 times across 216 insns; dies in 0 places; crosses 9 calls; GR_REGS or none; pointer.
Register 75 used 26 times across 271 insns; dies in 0 places; crosses 10 calls; GR_REGS or none.
Register 76 used 12 times across 220 insns; dies in 2 places; crosses 9 calls; GR_REGS or none; pointer.
Register 78 used 4 times across 560 insns; crosses 13 calls; GR_REGS or none.
Register 79 used 25 times across 187 insns; dies in 3 places; crosses 5 calls; 2 bytes; GR_REGS or none.
Register 80 used 16 times across 32 insns; dies in 4 places; GR_REGS or none.
Register 81 used 2 times across 4 insns in block 0; GR_REGS or none; pointer.
Register 82 used 3 times across 7 insns in block 0; GR_REGS or none.
Register 84 used 2 times across 2 insns in block 0; GR_REGS or none.
Register 85 used 2 times across 2 insns in block 0; GR_REGS or none.
Register 86 used 2 times across 3 insns in block 0; GR_REGS or none.
Register 87 used 2 times across 2 insns in block 0; GR_REGS or none.
Register 88 used 2 times across 4 insns in block 0; GR_REGS or none.
Register 90 used 2 times across 4 insns in block 1; GR_REGS or none.
Register 91 used 2 times across 4 insns in block 2; GR_REGS or none.
Register 92 used 2 times across 4 insns in block 4; GR_REGS or none; pointer.
Register 94 used 2 times across 3 insns in block 4; GR_REGS or none.
Register 96 used 2 times across 2 insns in block 4; GR_REGS or none.
Register 97 used 2 times across 6 insns in block 4; GR_REGS or none.
Register 98 used 2 times across 2 insns in block 4; GR_REGS or none.
Register 99 used 2 times across 6 insns in block 5; GR_REGS or none.
Register 102 used 2 times across 6 insns in block 5; GR_REGS or none.
Register 104 used 2 times across 2 insns in block 5; GR_REGS or none.
Register 105 used 2 times across 6 insns in block 5; GR_REGS or none.
Register 107 used 2 times across 6 insns in block 5; GR_REGS or none.
Register 108 used 2 times across 2 insns in block 5; GR_REGS or none.
Register 109 used 2 times across 8 insns in block 5; GR_REGS or none; pointer.
Register 110 used 2 times across 2 insns in block 5; 2 bytes; GR_REGS or none.
Register 112 used 2 times across 2 insns in block 5; GR_REGS or none.
Register 113 used 2 times across 2 insns in block 5; GR_REGS or none.
Register 116 used 2 times across 2 insns in block 5; GR_REGS or none.
Register 117 used 2 times across 2 insns in block 5; GR_REGS or none.
Register 118 used 4 times across 4 insns in block 5; 1 bytes; GR_REGS or none.
Register 120 used 2 times across 4 insns in block 6; GR_REGS or none.
Register 121 used 2 times across 4 insns in block 7; GR_REGS or none.
Register 123 used 2 times across 2 insns in block 8; GR_REGS or none.
Register 124 used 2 times across 2 insns in block 8; GR_REGS or none.
Register 125 used 2 times across 2 insns in block 8; GR_REGS or none.
Register 128 used 3 times across 4 insns in block 8; GR_REGS or none.
Register 129 used 3 times across 5 insns in block 8; GR_REGS or none.
Register 130 used 4 times across 5 insns in block 17; GR_REGS or none.
Register 131 used 4 times across 2 insns in block 17; GR_REGS or none.
Register 133 used 8 times across 45 insns; GR_REGS or none.
Register 134 used 4 times across 2 insns in block 17; GR_REGS or none.
Register 135 used 4 times across 2 insns in block 17; GR_REGS or none.
Register 136 used 4 times across 2 insns in block 17; GR_REGS or none.
Register 137 used 4 times across 2 insns in block 17; GR_REGS or none.
Register 139 used 6 times across 9 insns; GR_REGS or none.
Register 140 used 4 times across 2 insns in block 10; GR_REGS or none.
Register 141 used 5 times across 152 insns; dies in 0 places; crosses 3 calls; GR_REGS or none; pointer.
Register 143 used 4 times across 2 insns in block 10; GR_REGS or none.
Register 144 used 6 times across 24 insns; GR_REGS or none; pointer.
Register 145 used 6 times across 5 insns; GR_REGS or none.
Register 147 used 4 times across 4 insns in block 10; 1 bytes; GR_REGS or none.
Register 149 used 4 times across 2 insns in block 10; GR_REGS or none.
Register 152 used 4 times across 2 insns in block 11; GR_REGS or none.
Register 153 used 4 times across 2 insns in block 11; GR_REGS or none.
Register 155 used 8 times across 21 insns; GR_REGS or none.
Register 157 used 4 times across 10 insns in block 11; GR_REGS or none; pointer.
Register 159 used 4 times across 75 insns; dies in 0 places; crosses 3 calls; GR_REGS or none.
Register 160 used 6 times across 4 insns in block 11; GR_REGS or none.
Register 163 used 6 times across 4 insns in block 11; GR_REGS or none.
Register 166 used 4 times across 3 insns in block 11; GR_REGS or none.
Register 167 used 4 times across 2 insns in block 11; GR_REGS or none.
Register 174 used 4 times across 3 insns in block 11; GR_REGS or none.
Register 176 used 4 times across 2 insns in block 11; GR_REGS or none.
Register 178 used 4 times across 4 insns in block 11; GR_REGS or none.
Register 181 used 4 times across 2 insns in block 11; GR_REGS or none.
Register 182 used 4 times across 2 insns in block 11; GR_REGS or none.
Register 183 used 4 times across 2 insns in block 11; GR_REGS or none.
Register 194 used 4 times across 3 insns in block 11; GR_REGS or none.
Register 195 used 4 times across 2 insns in block 11; GR_REGS or none.
Register 196 used 4 times across 4 insns in block 12; 1 bytes; GR_REGS or none.
Register 199 used 2 times across 2 insns in block 9; GR_REGS or none.
Register 200 used 2 times across 2 insns in block 9; GR_REGS or none.
Register 201 used 3 times across 72 insns; dies in 0 places; crosses 3 calls; GR_REGS or none.
Register 203 used 4 times across 2 insns in block 12; GR_REGS or none.
Register 204 used 4 times across 6 insns in block 14; GR_REGS or none.
Register 206 used 6 times across 11 insns; GR_REGS or none.
Register 207 used 4 times across 2 insns in block 14; GR_REGS or none.
Register 210 used 4 times across 2 insns in block 14; GR_REGS or none.
Register 211 used 4 times across 2 insns in block 14; GR_REGS or none; pointer.
Register 213 used 4 times across 3 insns in block 14; GR_REGS or none.
Register 216 used 4 times across 3 insns in block 14; GR_REGS or none.
Register 217 used 4 times across 2 insns in block 14; GR_REGS or none.
Register 218 used 4 times across 6 insns in block 14; GR_REGS or none.
Register 219 used 4 times across 2 insns in block 14; GR_REGS or none.
Register 224 used 6 times across 4 insns in block 17; GR_REGS or none.
Register 225 used 4 times across 3 insns in block 24; GR_REGS or none.
Register 226 used 4 times across 4 insns in block 24; GR_REGS or none.
Register 227 used 8 times across 26 insns; GR_REGS or none; pointer.
Register 229 used 10 times across 32 insns; GR_REGS or none.
Register 230 used 4 times across 2 insns in block 24; GR_REGS or none.
Register 233 used 4 times across 3 insns in block 24; GR_REGS or none.
Register 235 used 4 times across 2 insns in block 24; GR_REGS or none.
Register 236 used 4 times across 2 insns in block 24; GR_REGS or none.
Register 237 used 6 times across 13 insns; GR_REGS or none.
Register 238 used 4 times across 2 insns in block 19; GR_REGS or none.
Register 240 used 4 times across 2 insns in block 19; GR_REGS or none.
Register 241 used 4 times across 2 insns in block 19; GR_REGS or none; pointer.
Register 243 used 6 times across 3 insns; GR_REGS or none.
Register 254 used 4 times across 2 insns in block 20; GR_REGS or none.
Register 255 used 4 times across 2 insns in block 20; GR_REGS or none.
Register 257 used 8 times across 12 insns; GR_REGS or none.
Register 262 used 4 times across 2 insns in block 20; GR_REGS or none.
Register 267 used 4 times across 3 insns in block 20; GR_REGS or none.
Register 269 used 4 times across 4 insns in block 22; 1 bytes; GR_REGS or none.
Register 272 used 4 times across 2 insns in block 22; GR_REGS or none.
Register 273 used 4 times across 2 insns in block 22; GR_REGS or none.
Register 274 used 4 times across 2 insns in block 22; GR_REGS or none.
Register 276 used 4 times across 2 insns in block 22; GR_REGS or none.
Register 277 used 6 times across 4 insns in block 23; GR_REGS or none.
Register 278 used 4 times across 2 insns in block 23; GR_REGS or none.
Register 280 used 4 times across 3 insns in block 23; GR_REGS or none.
Register 281 used 4 times across 2 insns in block 23; GR_REGS or none.
Register 282 used 4 times across 10 insns in block 23; GR_REGS or none; pointer.
Register 284 used 4 times across 2 insns in block 23; GR_REGS or none.
Register 286 used 4 times across 2 insns in block 23; GR_REGS or none.
Register 288 used 4 times across 2 insns in block 23; GR_REGS or none.
Register 289 used 4 times across 6 insns in block 23; GR_REGS or none.
Register 291 used 6 times across 5 insns in block 24; GR_REGS or none.
Register 292 used 4 times across 3 insns in block 32; GR_REGS or none.
Register 293 used 4 times across 3 insns in block 32; GR_REGS or none.
Register 294 used 10 times across 35 insns; GR_REGS or none; pointer.
Register 296 used 4 times across 3 insns in block 32; GR_REGS or none.
Register 297 used 4 times across 2 insns in block 32; GR_REGS or none.
Register 298 used 4 times across 2 insns in block 32; GR_REGS or none.
Register 301 used 4 times across 3 insns in block 27; GR_REGS or none.
Register 302 used 4 times across 6 insns in block 27; GR_REGS or none.
Register 304 used 4 times across 2 insns in block 27; GR_REGS or none.
Register 305 used 4 times across 2 insns in block 27; GR_REGS or none.
Register 307 used 10 times across 15 insns; GR_REGS or none.
Register 308 used 4 times across 2 insns in block 27; GR_REGS or none.
Register 310 used 4 times across 2 insns in block 27; GR_REGS or none.
Register 311 used 4 times across 2 insns in block 27; GR_REGS or none; pointer.
Register 312 used 8 times across 7 insns; GR_REGS or none.
Register 316 used 4 times across 49 insns; dies in 0 places; crosses 1 call; GR_REGS or none.
Register 317 used 4 times across 2 insns in block 27; GR_REGS or none.
Register 322 used 4 times across 3 insns in block 27; GR_REGS or none.
Register 326 used 2 times across 2 insns in block 26; GR_REGS or none.
Register 327 used 2 times across 2 insns in block 26; GR_REGS or none.
Register 328 used 3 times across 46 insns; dies in 0 places; crosses 1 call; GR_REGS or none.
Register 330 used 4 times across 2 insns in block 28; GR_REGS or none.
Register 332 used 2 times across 2 insns in block 26; GR_REGS or none.
Register 333 used 2 times across 2 insns in block 26; GR_REGS or none.
Register 334 used 3 times across 43 insns; dies in 0 places; crosses 1 call; GR_REGS or none.
Register 338 used 4 times across 2 insns in block 29; GR_REGS or none.
Register 339 used 4 times across 2 insns in block 29; GR_REGS or none.
Register 340 used 4 times across 4 insns in block 30; GR_REGS or none.
Register 341 used 4 times across 4 insns in block 31; GR_REGS or none.
Register 342 used 4 times across 6 insns in block 32; GR_REGS or none.
Register 344 used 6 times across 4 insns in block 32; GR_REGS or none.
Register 345 used 2 times across 4 insns in block 33; GR_REGS or none; pointer.
Register 346 used 2 times across 3 insns in block 33; GR_REGS or none.
Register 348 used 2 times across 6 insns in block 33; GR_REGS or none.
Register 350 used 2 times across 2 insns in block 33; GR_REGS or none.
Register 351 used 2 times across 6 insns in block 33; GR_REGS or none.
Register 353 used 2 times across 4 insns in block 33; GR_REGS or none.
Register 354 used 2 times across 2 insns in block 33; GR_REGS or none.
Register 356 used 2 times across 6 insns in block 33; GR_REGS or none.
Register 358 used 2 times across 2 insns in block 33; GR_REGS or none.
Register 359 used 2 times across 6 insns in block 33; GR_REGS or none.
Register 360 used 2 times across 2 insns in block 33; GR_REGS or none.
Register 362 used 2 times across 4 insns in block 33; GR_REGS or none.
Register 363 used 2 times across 2 insns in block 33; GR_REGS or none.
Register 364 used 2 times across 2 insns in block 8; GR_REGS or none.
Register 365 used 2 times across 3 insns in block 8; GR_REGS or none.
Register 370 used 2 times across 2 insns in block 8; GR_REGS or none.
Register 371 used 2 times across 2 insns in block 8; GR_REGS or none.
Register 377 used 2 times across 2 insns in block 18; GR_REGS or none.
Register 381 used 2 times across 3 insns in block 18; GR_REGS or none.
Register 382 used 2 times across 2 insns in block 18; GR_REGS or none.
Register 388 used 2 times across 3 insns in block 25; GR_REGS or none.
Register 389 used 2 times across 2 insns in block 25; GR_REGS or none.
