addiu sp,sp,-32
sw s0,16(sp)
lui s0,@hi(0x8010)
addiu s0,s0,@lo(0x1e62)
sw ra,24(sp)
sw s1,20(sp)
lh v0,0(s0)
nop
beqz v0,@
move s1,a1
j @
move v0,zero
sll v0,a0,0x10
lui v1,@hi(0x8009)
addiu v1,v1,@lo(0xec34)
lui at,@hi(0x8010)
sh a0,@lo(0x1e60)(at)
lui a0,@hi(0x8010)
lh a0,@lo(0x1e60)(a0)
sra v0,v0,0xd
addu v0,v0,v1
lw a1,0(v0)
lw a2,4(v0)
lui at,@hi(0x8010)
sw a1,@lo(0x1e6c)(at)
lui at,@hi(0x8010)
sw a2,@lo(0x1e70)(at)
sll a0,a0,0x3
jal @
addu a0,a0,v1
lui v1,@hi(0x8010)
lh v1,@lo(0x1e60)(v1)
nop
sll v1,v1,0x3
lui at,@hi(0x8009)
addu at,at,v1
lw v1,@lo(0xec38)(at)
nop
srl v1,v1,0xb
addu v0,v0,v1
addiu v0,v0,-150
lui at,@hi(0x8010)
sw v0,@lo(0x1e74)(at)
bgez s1,@
li a0,13
lui at,@hi(0x8010)
sw zero,@lo(0x1e94)(at)
j @
li v0,5
li v0,1
lui at,@hi(0x8010)
sw v0,@lo(0x1e94)(at)
li v0,1
addiu a1,s0,-10
sb v0,-10(s0)
lui at,@hi(0x8010)
sb s1,@lo(0x1e59)(at)
jal @
move a2,zero
li v0,200
lui at,@hi(0x8010)
sb v0,@lo(0x1e90)(at)
li v0,1
li v1,16
lui at,@hi(0x8010)
sh zero,@lo(0x1e64)(at)
lui at,@hi(0x8010)
sh zero,@lo(0x1e68)(at)
lui at,@hi(0x8010)
sh zero,@lo(0x1e6a)(at)
lui at,@hi(0x8010)
sh v1,@lo(0x1e62)(at)
lw ra,24(sp)
lw s1,20(sp)
lw s0,16(sp)
addiu sp,sp,32
jr @
nop
