ds_idx_pv  diff=67 tgt=662 ours=662 li19=2
ds_idx_idx_add_afterforce diff=67 tgt=662 ours=662 li19=2
ds_idx_idx_add_sphtop diff=192 tgt=662 ours=659 li19=2
ds_idx_idx_add_beforetot diff=67 tgt=662 ours=662 li19=2
ds_idx_idx_add_sphend diff=67 tgt=662 ours=662 li19=2
ds_idx_idx_add_collend diff=67 tgt=662 ours=662 li19=2
ds_idx_idx_add_nodeend diff=67 tgt=662 ours=662 li19=2
ds_idx_idx_sub_afterforce diff=67 tgt=662 ours=662 li19=2
ds_idx_idx_sub_sphtop diff=192 tgt=662 ours=659 li19=2
ds_idx_idx_sub_beforetot diff=67 tgt=662 ours=662 li19=2
ds_idx_idx_sub_sphend diff=67 tgt=662 ours=662 li19=2
ds_idx_idx_sub_collend diff=67 tgt=662 ours=662 li19=2
ds_idx_idx_sub_nodeend diff=67 tgt=662 ours=662 li19=2
ds_idx_idx_sph_afterforce diff=67 tgt=662 ours=662 li19=2
ds_idx_idx_sph_sphtop diff=324 tgt=662 ours=656 li19=2
ds_idx_idx_sph_beforetot diff=100 tgt=662 ours=666 li19=2
ds_idx_idx_sph_sphend diff=91 tgt=662 ours=667 li19=2
ds_idx_idx_sph_collend diff=67 tgt=662 ours=662 li19=2
ds_idx_idx_sph_nodeend diff=67 tgt=662 ours=662 li19=2
ds_nforce_pv diff=21 tgt=662 ours=662 li19=2
ds_nforce_nforce_add_afterforce diff=21 tgt=662 ours=662 li19=2
ds_nforce_nforce_add_sphtop diff=146 tgt=662 ours=659 li19=2
ds_nforce_nforce_add_beforetot diff=21 tgt=662 ours=662 li19=2
ds_nforce_nforce_add_sphend diff=21 tgt=662 ours=662 li19=2
ds_nforce_nforce_add_collend diff=21 tgt=662 ours=662 li19=2
ds_nforce_nforce_add_nodeend diff=21 tgt=662 ours=662 li19=2
ds_nforce_nforce_sub_afterforce diff=21 tgt=662 ours=662 li19=2
ds_nforce_nforce_sub_sphtop diff=146 tgt=662 ours=659 li19=2
ds_nforce_nforce_sub_beforetot diff=21 tgt=662 ours=662 li19=2
ds_nforce_nforce_sub_sphend diff=21 tgt=662 ours=662 li19=2
ds_nforce_nforce_sub_collend diff=21 tgt=662 ours=662 li19=2
ds_nforce_nforce_sub_nodeend diff=21 tgt=662 ours=662 li19=2
ds_temp_pv diff=42 tgt=662 ours=662 li19=2
ds_temp_lzc_in_afterforce diff=42 tgt=662 ours=662 li19=2
ds_temp_lzc_in_sphtop diff=42 tgt=662 ours=662 li19=2
ds_temp_lzc_in_beforetot diff=61 tgt=662 ours=662 li19=2
ds_temp_lzc_in_sphend diff=61 tgt=662 ours=662 li19=2
ds_temp_lzc_in_collend diff=61 tgt=662 ours=662 li19=2
ds_temp_lzc_in_nodeend diff=61 tgt=662 ours=662 li19=2
ds_temp_lut1_afterforce diff=42 tgt=662 ours=662 li19=2
ds_temp_lut1_sphtop diff=42 tgt=662 ours=662 li19=2
ds_temp_lut1_beforetot diff=42 tgt=662 ours=662 li19=2
ds_temp_lut1_sphend diff=42 tgt=662 ours=662 li19=2
ds_temp_lut1_collend diff=42 tgt=662 ours=662 li19=2
ds_temp_lut1_nodeend diff=42 tgt=662 ours=662 li19=2
ds_temp_lut2_afterforce diff=42 tgt=662 ours=662 li19=2
ds_temp_lut2_sphtop diff=42 tgt=662 ours=662 li19=2
ds_temp_lut2_beforetot diff=42 tgt=662 ours=662 li19=2
ds_temp_lut2_sphend diff=42 tgt=662 ours=662 li19=2
ds_temp_lut2_collend diff=42 tgt=662 ours=662 li19=2
ds_temp_lut2_nodeend diff=42 tgt=662 ours=662 li19=2
ds_nbits_pv diff=2 tgt=662 ours=662 li19=2
ds_nbits_lzcount_afterforce diff=2 tgt=662 ours=662 li19=2
ds_nbits_lzcount_sphtop diff=2 tgt=662 ours=662 li19=2
ds_nbits_lzcount_beforetot diff=2 tgt=662 ours=662 li19=2
ds_nbits_lzcount_sphend diff=2 tgt=662 ours=662 li19=2
ds_nbits_lzcount_collend diff=2 tgt=662 ours=662 li19=2
ds_nbits_lzcount_nodeend diff=2 tgt=662 ours=662 li19=2
ds_nbits_shift_afterforce diff=2 tgt=662 ours=662 li19=2
ds_nbits_shift_sphtop diff=2 tgt=662 ours=662 li19=2
ds_nbits_shift_beforetot diff=2 tgt=662 ours=662 li19=2
ds_nbits_shift_sphend diff=2 tgt=662 ours=662 li19=2
ds_nbits_shift_collend diff=2 tgt=662 ours=662 li19=2
ds_nbits_shift_nodeend diff=2 tgt=662 ours=662 li19=2
ds_nbits2_pv diff=2 tgt=662 ours=662 li19=2
ds_nbits2_lzcount2_afterforce diff=2 tgt=662 ours=662 li19=2
ds_nbits2_lzcount2_sphtop diff=2 tgt=662 ours=662 li19=2
ds_nbits2_lzcount2_beforetot diff=2 tgt=662 ours=662 li19=2
ds_nbits2_lzcount2_sphend diff=2 tgt=662 ours=662 li19=2
ds_nbits2_lzcount2_collend diff=2 tgt=662 ours=662 li19=2
ds_nbits2_lzcount2_nodeend diff=2 tgt=662 ours=662 li19=2
ds_nbits2_shift2_afterforce diff=2 tgt=662 ours=662 li19=2
ds_nbits2_shift2_sphtop diff=2 tgt=662 ours=662 li19=2
ds_nbits2_shift2_beforetot diff=2 tgt=662 ours=662 li19=2
ds_nbits2_shift2_sphend diff=2 tgt=662 ours=662 li19=2
ds_nbits2_shift2_collend diff=2 tgt=662 ours=662 li19=2
ds_nbits2_shift2_nodeend diff=2 tgt=662 ours=662 li19=2
