sa_idx_idx_add_afterforce diff=67 tgt=662 ours=662 li19=2
sa_idx_idx_add_sphtop diff=67 tgt=662 ours=662 li19=2
sa_idx_idx_add_beforetot diff=67 tgt=662 ours=662 li19=2
sa_idx_idx_add_sphend diff=67 tgt=662 ours=662 li19=2
sa_idx_idx_add_collend diff=67 tgt=662 ours=662 li19=2
sa_idx_idx_add_nodeend diff=67 tgt=662 ours=662 li19=2
ce_idx_idx_add_afterforce diff=71 tgt=662 ours=662 li19=2
ce_idx_idx_add_cpos diff=71 tgt=662 ours=662 li19=2
ce_idx_idx_add_sphtop diff=168 tgt=662 ours=662 li19=2
ce_idx_idx_add_beforetot diff=168 tgt=662 ours=662 li19=2
ce_idx_idx_add_nodeend diff=175 tgt=662 ours=662 li19=2
sa_idx_idx_sub_afterforce diff=67 tgt=662 ours=662 li19=2
sa_idx_idx_sub_sphtop diff=67 tgt=662 ours=662 li19=2
sa_idx_idx_sub_beforetot diff=67 tgt=662 ours=662 li19=2
sa_idx_idx_sub_sphend diff=67 tgt=662 ours=662 li19=2
sa_idx_idx_sub_collend diff=67 tgt=662 ours=662 li19=2
sa_idx_idx_sub_nodeend diff=67 tgt=662 ours=662 li19=2
ce_idx_idx_sub_afterforce diff=71 tgt=662 ours=662 li19=2
ce_idx_idx_sub_cpos diff=112 tgt=662 ours=662 li19=2
ce_idx_idx_sub_sphtop diff=168 tgt=662 ours=662 li19=2
ce_idx_idx_sub_beforetot diff=168 tgt=662 ours=662 li19=2
ce_idx_idx_sub_nodeend diff=175 tgt=662 ours=662 li19=2
sa_idx_idx_sph_afterforce diff=67 tgt=662 ours=662 li19=2
sa_idx_idx_sph_sphtop diff=67 tgt=662 ours=662 li19=2
sa_idx_idx_sph_beforetot diff=67 tgt=662 ours=662 li19=2
sa_idx_idx_sph_sphend diff=67 tgt=662 ours=662 li19=2
sa_idx_idx_sph_collend diff=67 tgt=662 ours=662 li19=2
sa_idx_idx_sph_nodeend diff=67 tgt=662 ours=662 li19=2
ce_idx_idx_sph_afterforce diff=86 tgt=662 ours=662 li19=2
ce_idx_idx_sph_cpos diff=90 tgt=662 ours=662 li19=2
ce_idx_idx_sph_sphtop diff=70 tgt=662 ours=662 li19=2
ce_idx_idx_sph_beforetot diff=70 tgt=662 ours=662 li19=2
ce_idx_idx_sph_nodeend diff=86 tgt=662 ours=662 li19=2
sa_nforce_nforce_add_afterforce diff=21 tgt=662 ours=662 li19=2
sa_nforce_nforce_add_sphtop diff=21 tgt=662 ours=662 li19=2
sa_nforce_nforce_add_beforetot diff=21 tgt=662 ours=662 li19=2
sa_nforce_nforce_add_sphend diff=21 tgt=662 ours=662 li19=2
sa_nforce_nforce_add_collend diff=21 tgt=662 ours=662 li19=2
sa_nforce_nforce_add_nodeend diff=21 tgt=662 ours=662 li19=2
ce_nforce_nforce_add_afterforce diff=25 tgt=662 ours=662 li19=2
ce_nforce_nforce_add_cpos diff=25 tgt=662 ours=662 li19=2
ce_nforce_nforce_add_sphtop diff=123 tgt=662 ours=662 li19=2
ce_nforce_nforce_add_beforetot diff=123 tgt=662 ours=662 li19=2
ce_nforce_nforce_add_nodeend diff=131 tgt=662 ours=662 li19=2
sa_nforce_nforce_sub_afterforce diff=21 tgt=662 ours=662 li19=2
sa_nforce_nforce_sub_sphtop diff=21 tgt=662 ours=662 li19=2
sa_nforce_nforce_sub_beforetot diff=21 tgt=662 ours=662 li19=2
sa_nforce_nforce_sub_sphend diff=21 tgt=662 ours=662 li19=2
sa_nforce_nforce_sub_collend diff=21 tgt=662 ours=662 li19=2
sa_nforce_nforce_sub_nodeend diff=21 tgt=662 ours=662 li19=2
ce_nforce_nforce_sub_afterforce diff=53 tgt=662 ours=662 li19=2
ce_nforce_nforce_sub_cpos diff=25 tgt=662 ours=662 li19=2
ce_nforce_nforce_sub_sphtop diff=123 tgt=662 ours=662 li19=2
ce_nforce_nforce_sub_beforetot diff=123 tgt=662 ours=662 li19=2
ce_nforce_nforce_sub_nodeend diff=131 tgt=662 ours=662 li19=2
sa_temp_lzc_in_afterforce diff=42 tgt=662 ours=662 li19=2
sa_temp_lzc_in_sphtop diff=42 tgt=662 ours=662 li19=2
sa_temp_lzc_in_beforetot diff=42 tgt=662 ours=662 li19=2
sa_temp_lzc_in_sphend diff=42 tgt=662 ours=662 li19=2
sa_temp_lzc_in_collend diff=42 tgt=662 ours=662 li19=2
sa_temp_lzc_in_nodeend diff=42 tgt=662 ours=662 li19=2
ce_temp_lzc_in_afterforce diff=157 tgt=662 ours=662 li19=2
ce_temp_lzc_in_cpos diff=157 tgt=662 ours=662 li19=2
ce_temp_lzc_in_sphtop diff=157 tgt=662 ours=662 li19=2
ce_temp_lzc_in_beforetot diff=177 tgt=662 ours=662 li19=2
ce_temp_lzc_in_nodeend diff=157 tgt=662 ours=662 li19=2
sa_temp_lut1_afterforce diff=42 tgt=662 ours=662 li19=2
sa_temp_lut1_sphtop diff=42 tgt=662 ours=662 li19=2
sa_temp_lut1_beforetot diff=42 tgt=662 ours=662 li19=2
sa_temp_lut1_sphend diff=42 tgt=662 ours=662 li19=2
sa_temp_lut1_collend diff=42 tgt=662 ours=662 li19=2
sa_temp_lut1_nodeend diff=42 tgt=662 ours=662 li19=2
ce_temp_lut1_afterforce diff=153 tgt=662 ours=662 li19=2
ce_temp_lut1_cpos diff=153 tgt=662 ours=662 li19=2
ce_temp_lut1_sphtop diff=153 tgt=662 ours=662 li19=2
ce_temp_lut1_beforetot diff=153 tgt=662 ours=662 li19=2
ce_temp_lut1_nodeend diff=153 tgt=662 ours=662 li19=2
sa_temp_lut2_afterforce diff=42 tgt=662 ours=662 li19=2
sa_temp_lut2_sphtop diff=42 tgt=662 ours=662 li19=2
sa_temp_lut2_beforetot diff=42 tgt=662 ours=662 li19=2
sa_temp_lut2_sphend diff=42 tgt=662 ours=662 li19=2
sa_temp_lut2_collend diff=42 tgt=662 ours=662 li19=2
sa_temp_lut2_nodeend diff=42 tgt=662 ours=662 li19=2
ce_temp_lut2_afterforce diff=110 tgt=662 ours=662 li19=2
ce_temp_lut2_cpos diff=110 tgt=662 ours=662 li19=2
ce_temp_lut2_sphtop diff=110 tgt=662 ours=662 li19=2
ce_temp_lut2_beforetot diff=110 tgt=662 ours=662 li19=2
ce_temp_lut2_nodeend diff=110 tgt=662 ours=662 li19=2
sa_nbits_lzcount_afterforce diff=2 tgt=662 ours=662 li19=2
sa_nbits_lzcount_sphtop diff=2 tgt=662 ours=662 li19=2
sa_nbits_lzcount_beforetot diff=2 tgt=662 ours=662 li19=2
sa_nbits_lzcount_sphend diff=2 tgt=662 ours=662 li19=2
sa_nbits_lzcount_collend diff=2 tgt=662 ours=662 li19=2
sa_nbits_lzcount_nodeend diff=2 tgt=662 ours=662 li19=2
ce_nbits_lzcount_afterforce diff=100 tgt=662 ours=662 li19=2
ce_nbits_lzcount_cpos diff=100 tgt=662 ours=662 li19=2
ce_nbits_lzcount_sphtop diff=100 tgt=662 ours=662 li19=2
ce_nbits_lzcount_beforetot diff=100 tgt=662 ours=662 li19=2
ce_nbits_lzcount_nodeend diff=100 tgt=662 ours=662 li19=2
sa_nbits_shift_afterforce diff=2 tgt=662 ours=662 li19=2
sa_nbits_shift_sphtop diff=2 tgt=662 ours=662 li19=2
sa_nbits_shift_beforetot diff=2 tgt=662 ours=662 li19=2
sa_nbits_shift_sphend diff=2 tgt=662 ours=662 li19=2
sa_nbits_shift_collend diff=2 tgt=662 ours=662 li19=2
sa_nbits_shift_nodeend diff=2 tgt=662 ours=662 li19=2
ce_nbits_shift_afterforce diff=127 tgt=662 ours=662 li19=2
ce_nbits_shift_cpos diff=127 tgt=662 ours=662 li19=2
ce_nbits_shift_sphtop diff=127 tgt=662 ours=662 li19=2
ce_nbits_shift_beforetot diff=127 tgt=662 ours=662 li19=2
ce_nbits_shift_nodeend diff=127 tgt=662 ours=662 li19=2
sa_nbits2_lzcount2_afterforce diff=2 tgt=662 ours=662 li19=2
sa_nbits2_lzcount2_sphtop diff=2 tgt=662 ours=662 li19=2
sa_nbits2_lzcount2_beforetot diff=2 tgt=662 ours=662 li19=2
sa_nbits2_lzcount2_sphend diff=2 tgt=662 ours=662 li19=2
sa_nbits2_lzcount2_collend diff=2 tgt=662 ours=662 li19=2
sa_nbits2_lzcount2_nodeend diff=2 tgt=662 ours=662 li19=2
ce_nbits2_lzcount2_afterforce diff=100 tgt=662 ours=662 li19=2
ce_nbits2_lzcount2_cpos diff=100 tgt=662 ours=662 li19=2
ce_nbits2_lzcount2_sphtop diff=100 tgt=662 ours=662 li19=2
ce_nbits2_lzcount2_beforetot diff=100 tgt=662 ours=662 li19=2
ce_nbits2_lzcount2_nodeend diff=100 tgt=662 ours=662 li19=2
sa_nbits2_shift2_afterforce diff=2 tgt=662 ours=662 li19=2
sa_nbits2_shift2_sphtop diff=2 tgt=662 ours=662 li19=2
sa_nbits2_shift2_beforetot diff=2 tgt=662 ours=662 li19=2
sa_nbits2_shift2_sphend diff=2 tgt=662 ours=662 li19=2
sa_nbits2_shift2_collend diff=2 tgt=662 ours=662 li19=2
sa_nbits2_shift2_nodeend diff=2 tgt=662 ours=662 li19=2
ce_nbits2_shift2_afterforce diff=106 tgt=662 ours=662 li19=2
ce_nbits2_shift2_cpos diff=106 tgt=662 ours=662 li19=2
ce_nbits2_shift2_sphtop diff=106 tgt=662 ours=662 li19=2
ce_nbits2_shift2_beforetot diff=106 tgt=662 ours=662 li19=2
ce_nbits2_shift2_nodeend diff=106 tgt=662 ours=662 li19=2
