mf_000     diff=0 tgt=662 ours=662 li19=2
FRAME mf_000 addiu sp,sp,-120
mf_001     diff=2 tgt=662 ours=662 li19=2
FRAME mf_001 addiu sp,sp,-120
mf_002     diff=0 tgt=662 ours=662 li19=2
FRAME mf_002 addiu sp,sp,-120
mf_003     diff=425 tgt=662 ours=491 li19=0
FRAME mf_003 addiu sp,sp,-96
mf_004     diff=3 tgt=662 ours=662 li19=2
FRAME mf_004 addiu sp,sp,-120
mf_005     diff=0 tgt=662 ours=662 li19=2
FRAME mf_005 addiu sp,sp,-120
mf_006     diff=0 tgt=662 ours=662 li19=2
FRAME mf_006 addiu sp,sp,-120
mf_007     diff=0 tgt=662 ours=662 li19=2
FRAME mf_007 addiu sp,sp,-120
mf_008     diff=0 tgt=662 ours=662 li19=2
FRAME mf_008 addiu sp,sp,-120
mf_009     diff=4 tgt=662 ours=662 li19=2
FRAME mf_009 addiu sp,sp,-120
mf_010     diff=11 tgt=662 ours=662 li19=2
FRAME mf_010 addiu sp,sp,-120
mf_011     diff=4 tgt=662 ours=662 li19=2
FRAME mf_011 addiu sp,sp,-120
mf_012     diff=52 tgt=662 ours=663 li19=2
FRAME mf_012 addiu sp,sp,-120
mf_013     diff=11 tgt=662 ours=662 li19=2
FRAME mf_013 addiu sp,sp,-120
mf_014     diff=67 tgt=662 ours=662 li19=2
FRAME mf_014 addiu sp,sp,-120
mf_015     diff=2 tgt=662 ours=662 li19=2
FRAME mf_015 addiu sp,sp,-120
mf_016     diff=348 tgt=662 ours=661 li19=0
FRAME mf_016 addiu sp,sp,-120
mf_017     diff=2 tgt=662 ours=662 li19=2
FRAME mf_017 addiu sp,sp,-120
mf_018     diff=37 tgt=662 ours=664 li19=2
FRAME mf_018 addiu sp,sp,-120
mf_019     diff=2 tgt=662 ours=662 li19=2
FRAME mf_019 addiu sp,sp,-120
mf_020     diff=21 tgt=662 ours=662 li19=2
FRAME mf_020 addiu sp,sp,-120
mf_021     diff=2 tgt=662 ours=662 li19=2
FRAME mf_021 addiu sp,sp,-120
mf_022     diff=2 tgt=662 ours=662 li19=2
FRAME mf_022 addiu sp,sp,-120
mf_023     diff=26 tgt=662 ours=662 li19=2
FRAME mf_023 addiu sp,sp,-120
mf_024     diff=26 tgt=662 ours=662 li19=2
FRAME mf_024 addiu sp,sp,-120
mf_025     diff=0 tgt=662 ours=662 li19=2
FRAME mf_025 addiu sp,sp,-120
mf_026     diff=57 tgt=662 ours=663 li19=2
FRAME mf_026 addiu sp,sp,-120
mf_027     diff=4 tgt=662 ours=662 li19=2
FRAME mf_027 addiu sp,sp,-120
mf_028     diff=4 tgt=662 ours=662 li19=2
FRAME mf_028 addiu sp,sp,-120
mf_029     diff=4 tgt=662 ours=662 li19=2
FRAME mf_029 addiu sp,sp,-120
mf_030     diff=2 tgt=662 ours=662 li19=2
FRAME mf_030 addiu sp,sp,-120
mf_031     diff=2 tgt=662 ours=662 li19=2
FRAME mf_031 addiu sp,sp,-120
mf_032     diff=2 tgt=662 ours=662 li19=2
FRAME mf_032 addiu sp,sp,-120
mf_033     diff=21 tgt=662 ours=662 li19=2
FRAME mf_033 addiu sp,sp,-120
mf_034     diff=21 tgt=662 ours=662 li19=2
FRAME mf_034 addiu sp,sp,-120
mf_035     diff=26 tgt=662 ours=662 li19=2
FRAME mf_035 addiu sp,sp,-120
mf_036     diff=26 tgt=662 ours=662 li19=2
FRAME mf_036 addiu sp,sp,-120
mf_037     diff=26 tgt=662 ours=662 li19=2
FRAME mf_037 addiu sp,sp,-120
mf_038     diff=26 tgt=662 ours=662 li19=2
FRAME mf_038 addiu sp,sp,-120
mf_039     diff=26 tgt=662 ours=662 li19=2
FRAME mf_039 addiu sp,sp,-120
mf_040     diff=0 tgt=662 ours=662 li19=2
FRAME mf_040 addiu sp,sp,-120
mf_041     diff=4 tgt=662 ours=662 li19=2
FRAME mf_041 addiu sp,sp,-120
mf_042     diff=24 tgt=662 ours=662 li19=2
FRAME mf_042 addiu sp,sp,-104
mf_043     diff=24 tgt=662 ours=662 li19=2
FRAME mf_043 addiu sp,sp,-112
mf_044     diff=24 tgt=662 ours=662 li19=2
FRAME mf_044 addiu sp,sp,-112
mf_045     diff=0 tgt=662 ours=662 li19=2
FRAME mf_045 addiu sp,sp,-120
mf_046     diff=0 tgt=662 ours=662 li19=2
FRAME mf_046 addiu sp,sp,-120
mf_047     diff=24 tgt=662 ours=662 li19=2
FRAME mf_047 addiu sp,sp,-128
mf_048     diff=67 tgt=662 ours=663 li19=2
FRAME mf_048 addiu sp,sp,-120
mf_049     diff=65 tgt=662 ours=663 li19=2
FRAME mf_049 addiu sp,sp,-120
mf_050     diff=42 tgt=662 ours=662 li19=2
FRAME mf_050 addiu sp,sp,-120
mf_051     diff=42 tgt=662 ours=662 li19=2
FRAME mf_051 addiu sp,sp,-120
mf_052     diff=42 tgt=662 ours=662 li19=2
FRAME mf_052 addiu sp,sp,-120
mf_053     diff=42 tgt=662 ours=662 li19=2
FRAME mf_053 addiu sp,sp,-120
mf_054     diff=4 tgt=662 ours=662 li19=2
FRAME mf_054 addiu sp,sp,-120
mf_055     diff=45 tgt=662 ours=662 li19=2
FRAME mf_055 addiu sp,sp,-120
mf_056     diff=51 tgt=662 ours=663 li19=2
FRAME mf_056 addiu sp,sp,-120
mf_057     diff=24 tgt=662 ours=662 li19=2
FRAME mf_057 addiu sp,sp,-104
mf_058     diff=24 tgt=662 ours=662 li19=2
FRAME mf_058 addiu sp,sp,-112
mf_059     diff=24 tgt=662 ours=662 li19=2
FRAME mf_059 addiu sp,sp,-128
mf_060     diff=21 tgt=662 ours=662 li19=2
FRAME mf_060 addiu sp,sp,-120
mf_061     diff=42 tgt=662 ours=662 li19=2
FRAME mf_061 addiu sp,sp,-120
mf_062     diff=26 tgt=662 ours=662 li19=2
FRAME mf_062 addiu sp,sp,-120
mf_063     diff=30 tgt=662 ours=662 li19=2
FRAME mf_063 addiu sp,sp,-120
mf_064     diff=0 tgt=662 ours=662 li19=2
FRAME mf_064 addiu sp,sp,-120
mf_065     diff=21 tgt=662 ours=662 li19=2
FRAME mf_065 addiu sp,sp,-120
mf_066     diff=42 tgt=662 ours=662 li19=2
FRAME mf_066 addiu sp,sp,-120
mf_067     diff=42 tgt=662 ours=662 li19=2
FRAME mf_067 addiu sp,sp,-120
mf_068     diff=42 tgt=662 ours=662 li19=2
FRAME mf_068 addiu sp,sp,-120
mf_069     diff=42 tgt=662 ours=662 li19=2
FRAME mf_069 addiu sp,sp,-120
mf_070     diff=132 tgt=662 ours=661 li19=2
FRAME mf_070 addiu sp,sp,-120
mf_071     diff=42 tgt=662 ours=662 li19=2
FRAME mf_071 addiu sp,sp,-120
mf_072     diff=132 tgt=662 ours=662 li19=2
FRAME mf_072 addiu sp,sp,-120
mf_073     diff=42 tgt=662 ours=662 li19=2
FRAME mf_073 addiu sp,sp,-120
mf_074     diff=0 tgt=662 ours=662 li19=2
FRAME mf_074 addiu sp,sp,-120
mf_075     diff=0 tgt=662 ours=662 li19=2
FRAME mf_075 addiu sp,sp,-120
mf_076     diff=0 tgt=662 ours=662 li19=2
FRAME mf_076 addiu sp,sp,-120
mf_077     diff=0 tgt=662 ours=662 li19=2
FRAME mf_077 addiu sp,sp,-120
mf_078     diff=117 tgt=662 ours=662 li19=2
FRAME mf_078 addiu sp,sp,-120
mf_079     diff=6 tgt=662 ours=662 li19=2
FRAME mf_079 addiu sp,sp,-120
mf_080     diff=0 tgt=662 ours=662 li19=2
FRAME mf_080 addiu sp,sp,-120
mf_081     diff=4 tgt=662 ours=662 li19=2
FRAME mf_081 addiu sp,sp,-120
mf_082     diff=110 tgt=662 ours=663 li19=2
FRAME mf_082 addiu sp,sp,-120
mf_083     diff=127 tgt=662 ours=661 li19=2
FRAME mf_083 addiu sp,sp,-120
mf_084     diff=67 tgt=662 ours=662 li19=2
FRAME mf_084 addiu sp,sp,-120
mf_085     diff=9 tgt=662 ours=662 li19=1
FRAME mf_085 addiu sp,sp,-120
mf_086     diff=2 tgt=662 ours=662 li19=2
FRAME mf_086 addiu sp,sp,-120
mf_087     diff=94 tgt=662 ours=663 li19=2
FRAME mf_087 addiu sp,sp,-120
mf_088     diff=21 tgt=662 ours=662 li19=2
FRAME mf_088 addiu sp,sp,-120
mf_089     diff=21 tgt=662 ours=662 li19=2
FRAME mf_089 addiu sp,sp,-120
mf_090     diff=42 tgt=662 ours=662 li19=2
FRAME mf_090 addiu sp,sp,-120
mf_091     diff=42 tgt=662 ours=662 li19=2
FRAME mf_091 addiu sp,sp,-120
mf_092     diff=42 tgt=662 ours=662 li19=2
FRAME mf_092 addiu sp,sp,-120
mf_093     diff=146 tgt=662 ours=662 li19=2
FRAME mf_093 addiu sp,sp,-120
mf_094     diff=26 tgt=662 ours=662 li19=2
FRAME mf_094 addiu sp,sp,-120
mf_095     diff=24 tgt=662 ours=662 li19=2
FRAME mf_095 addiu sp,sp,-104
mf_096     diff=24 tgt=662 ours=662 li19=2
FRAME mf_096 addiu sp,sp,-112
mf_097     diff=0 tgt=662 ours=662 li19=2
FRAME mf_097 addiu sp,sp,-120
mf_098     diff=24 tgt=662 ours=662 li19=2
FRAME mf_098 addiu sp,sp,-128
mf_099     diff=24 tgt=662 ours=662 li19=2
FRAME mf_099 addiu sp,sp,-128
mf_100     diff=114 tgt=662 ours=662 li19=2
FRAME mf_100 addiu sp,sp,-120
mf_101     diff=67 tgt=662 ours=662 li19=2
FRAME mf_101 addiu sp,sp,-120
mf_102     diff=70 tgt=662 ours=662 li19=2
FRAME mf_102 addiu sp,sp,-120
mf_103     diff=9 tgt=662 ours=662 li19=2
FRAME mf_103 addiu sp,sp,-120
mf_104     diff=31 tgt=662 ours=662 li19=2
FRAME mf_104 addiu sp,sp,-120
mf_105     diff=2 tgt=662 ours=662 li19=2
FRAME mf_105 addiu sp,sp,-120
mf_106     diff=106 tgt=662 ours=662 li19=2
FRAME mf_106 addiu sp,sp,-120
mf_107     diff=4 tgt=662 ours=662 li19=2
FRAME mf_107 addiu sp,sp,-120
mf_108     diff=0 tgt=662 ours=662 li19=2
FRAME mf_108 addiu sp,sp,-120
mf_109     diff=67 tgt=662 ours=662 li19=2
FRAME mf_109 addiu sp,sp,-120
mf_110     diff=2 tgt=662 ours=662 li19=2
FRAME mf_110 addiu sp,sp,-120
mf_111     diff=2 tgt=662 ours=662 li19=2
FRAME mf_111 addiu sp,sp,-120
mf_112     diff=21 tgt=662 ours=662 li19=2
FRAME mf_112 addiu sp,sp,-120
mf_113     diff=42 tgt=662 ours=662 li19=2
FRAME mf_113 addiu sp,sp,-120
mf_114     diff=26 tgt=662 ours=662 li19=2
FRAME mf_114 addiu sp,sp,-120
mf_115     diff=4 tgt=662 ours=662 li19=2
FRAME mf_115 addiu sp,sp,-120
mf_116     diff=4 tgt=662 ours=662 li19=2
FRAME mf_116 addiu sp,sp,-120
mf_117     diff=67 tgt=662 ours=662 li19=2
FRAME mf_117 addiu sp,sp,-120
mf_118     diff=67 tgt=662 ours=662 li19=2
FRAME mf_118 addiu sp,sp,-120
mf_119     diff=2 tgt=662 ours=662 li19=2
FRAME mf_119 addiu sp,sp,-120
mf_120     diff=2 tgt=662 ours=662 li19=2
FRAME mf_120 addiu sp,sp,-120
mf_121     diff=2 tgt=662 ours=662 li19=2
FRAME mf_121 addiu sp,sp,-120
mf_122     diff=2 tgt=662 ours=662 li19=2
FRAME mf_122 addiu sp,sp,-120
mf_123     diff=21 tgt=662 ours=662 li19=2
FRAME mf_123 addiu sp,sp,-120
mf_124     diff=64 tgt=662 ours=664 li19=2
FRAME mf_124 addiu sp,sp,-120
mf_125     diff=42 tgt=662 ours=662 li19=2
FRAME mf_125 addiu sp,sp,-120
mf_126     diff=42 tgt=662 ours=662 li19=2
FRAME mf_126 addiu sp,sp,-120
mf_127     diff=26 tgt=662 ours=662 li19=2
FRAME mf_127 addiu sp,sp,-120
mf_128     diff=26 tgt=662 ours=662 li19=2
FRAME mf_128 addiu sp,sp,-120
mf_129     diff=2 tgt=662 ours=662 li19=2
FRAME mf_129 addiu sp,sp,-120
mf_130     diff=2 tgt=662 ours=662 li19=2
FRAME mf_130 addiu sp,sp,-120
mf_131     diff=2 tgt=662 ours=662 li19=2
FRAME mf_131 addiu sp,sp,-120
mf_132     diff=2 tgt=662 ours=662 li19=2
FRAME mf_132 addiu sp,sp,-120
mf_133     diff=0 tgt=662 ours=662 li19=2
FRAME mf_133 addiu sp,sp,-120
mf_134     diff=4 tgt=662 ours=662 li19=2
FRAME mf_134 addiu sp,sp,-120
mf_135     diff=30 tgt=662 ours=662 li19=2
FRAME mf_135 addiu sp,sp,-120
mf_136     diff=26 tgt=662 ours=662 li19=2
FRAME mf_136 addiu sp,sp,-120
mf_137     diff=67 tgt=662 ours=662 li19=2
FRAME mf_137 addiu sp,sp,-120
mf_138     diff=2 tgt=662 ours=662 li19=2
FRAME mf_138 addiu sp,sp,-120
mf_139     diff=2 tgt=662 ours=662 li19=2
FRAME mf_139 addiu sp,sp,-120
mf_140     diff=21 tgt=662 ours=662 li19=2
FRAME mf_140 addiu sp,sp,-120
mf_141     diff=42 tgt=662 ours=662 li19=2
FRAME mf_141 addiu sp,sp,-120
mf_142     diff=24 tgt=662 ours=662 li19=2
FRAME mf_142 addiu sp,sp,-104
mf_143     diff=24 tgt=662 ours=662 li19=2
FRAME mf_143 addiu sp,sp,-104
mf_144     diff=80 tgt=662 ours=663 li19=2
FRAME mf_144 addiu sp,sp,-112
mf_145     diff=24 tgt=662 ours=662 li19=2
FRAME mf_145 addiu sp,sp,-104
mf_146     diff=24 tgt=662 ours=662 li19=2
FRAME mf_146 addiu sp,sp,-104
mf_147     diff=24 tgt=662 ours=662 li19=2
FRAME mf_147 addiu sp,sp,-104
mf_148     diff=24 tgt=662 ours=662 li19=2
FRAME mf_148 addiu sp,sp,-104
mf_149     diff=156 tgt=662 ours=661 li19=2
FRAME mf_149 addiu sp,sp,-96
mf_150     diff=235 tgt=662 ours=698 li19=2
FRAME mf_150 addiu sp,sp,-80
mf_151     diff=88 tgt=662 ours=664 li19=2
FRAME mf_151 addiu sp,sp,-104
mf_152     diff=130 tgt=662 ours=660 li19=2
FRAME mf_152 addiu sp,sp,-104
mf_153     diff=141 tgt=662 ours=664 li19=2
FRAME mf_153 addiu sp,sp,-104
mf_154     diff=24 tgt=662 ours=662 li19=2
FRAME mf_154 addiu sp,sp,-104
mf_155     diff=185 tgt=662 ours=652 li19=2
FRAME mf_155 addiu sp,sp,-104
mf_156     diff=185 tgt=662 ours=652 li19=2
FRAME mf_156 addiu sp,sp,-104
mf_157     diff=114 tgt=662 ours=662 li19=2
FRAME mf_157 addiu sp,sp,-120
mf_158     diff=67 tgt=662 ours=662 li19=2
FRAME mf_158 addiu sp,sp,-120
mf_159     diff=70 tgt=662 ours=662 li19=2
FRAME mf_159 addiu sp,sp,-120
mf_160     diff=33 tgt=662 ours=662 li19=2
FRAME mf_160 addiu sp,sp,-120
mf_161     diff=31 tgt=662 ours=662 li19=2
FRAME mf_161 addiu sp,sp,-120
mf_162     diff=27 tgt=662 ours=662 li19=2
FRAME mf_162 addiu sp,sp,-120
mf_163     diff=98 tgt=662 ours=662 li19=2
FRAME mf_163 addiu sp,sp,-120
mf_164     diff=67 tgt=662 ours=662 li19=2
FRAME mf_164 addiu sp,sp,-120
mf_165     diff=2 tgt=662 ours=662 li19=2
FRAME mf_165 addiu sp,sp,-120
mf_166     diff=2 tgt=662 ours=662 li19=2
FRAME mf_166 addiu sp,sp,-120
mf_167     diff=21 tgt=662 ours=662 li19=2
FRAME mf_167 addiu sp,sp,-120
mf_168     diff=42 tgt=662 ours=662 li19=2
FRAME mf_168 addiu sp,sp,-120
mf_169     diff=67 tgt=662 ours=662 li19=2
FRAME mf_169 addiu sp,sp,-120
mf_170     diff=67 tgt=662 ours=662 li19=2
FRAME mf_170 addiu sp,sp,-120
mf_171     diff=2 tgt=662 ours=662 li19=2
FRAME mf_171 addiu sp,sp,-120
mf_172     diff=2 tgt=662 ours=662 li19=2
FRAME mf_172 addiu sp,sp,-120
mf_173     diff=2 tgt=662 ours=662 li19=2
FRAME mf_173 addiu sp,sp,-120
mf_174     diff=2 tgt=662 ours=662 li19=2
FRAME mf_174 addiu sp,sp,-120
mf_175     diff=21 tgt=662 ours=662 li19=2
FRAME mf_175 addiu sp,sp,-120
mf_176     diff=64 tgt=662 ours=664 li19=2
FRAME mf_176 addiu sp,sp,-120
mf_177     diff=42 tgt=662 ours=662 li19=2
FRAME mf_177 addiu sp,sp,-120
mf_178     diff=61 tgt=662 ours=662 li19=2
FRAME mf_178 addiu sp,sp,-120
mf_179     diff=0 tgt=662 ours=662 li19=2
FRAME mf_179 addiu sp,sp,-120
mf_180     diff=0 tgt=662 ours=662 li19=2
FRAME mf_180 addiu sp,sp,-120
mf_181     diff=0 tgt=662 ours=662 li19=2
FRAME mf_181 addiu sp,sp,-120
mf_182     diff=0 tgt=662 ours=662 li19=2
FRAME mf_182 addiu sp,sp,-120
mf_183     diff=0 tgt=662 ours=662 li19=2
FRAME mf_183 addiu sp,sp,-120
mf_184     diff=27 tgt=662 ours=662 li19=2
FRAME mf_184 addiu sp,sp,-112
mf_185     diff=3 tgt=662 ours=662 li19=2
FRAME mf_185 addiu sp,sp,-120
mf_186     diff=56 tgt=662 ours=662 li19=2
FRAME mf_186 addiu sp,sp,-120
mf_187     diff=0 tgt=662 ours=662 li19=2
FRAME mf_187 addiu sp,sp,-120
mf_188     diff=0 tgt=662 ours=662 li19=2
FRAME mf_188 addiu sp,sp,-120
mf_189     diff=0 tgt=662 ours=662 li19=2
FRAME mf_189 addiu sp,sp,-120
mf_190     diff=27 tgt=662 ours=662 li19=2
FRAME mf_190 addiu sp,sp,-120
mf_191     diff=13 tgt=662 ours=662 li19=2
FRAME mf_191 addiu sp,sp,-120
mf_192     diff=0 tgt=662 ours=662 li19=2
FRAME mf_192 addiu sp,sp,-120
mf_193     diff=0 tgt=662 ours=662 li19=2
FRAME mf_193 addiu sp,sp,-120
mf_194     diff=0 tgt=662 ours=662 li19=2
FRAME mf_194 addiu sp,sp,-120
mf_195     diff=0 tgt=662 ours=662 li19=2
FRAME mf_195 addiu sp,sp,-120
mf_196     diff=2 tgt=662 ours=662 li19=2
FRAME mf_196 addiu sp,sp,-120
mf_197     diff=4 tgt=662 ours=662 li19=2
FRAME mf_197 addiu sp,sp,-120
mf_198     diff=0 tgt=662 ours=662 li19=2
FRAME mf_198 addiu sp,sp,-120
mf_199     diff=0 tgt=662 ours=662 li19=2
FRAME mf_199 addiu sp,sp,-120
tmp/func_800187F4/fast_mf_200/code6cac.c:838: redefinition of `struct MATRIX'
tmp/func_800187F4/fast_mf_200/code6cac.c:838: redefinition of `MATRIX'
tmp/func_800187F4/fast_mf_200/code6cac.c:16: `MATRIX' previously declared here
tmp/func_800187F4/fast_mf_200/code6cac.c:839: redefinition of `GameObj'
tmp/func_800187F4/fast_mf_200/code6cac.c:17: `GameObj' previously declared here
tmp/func_800187F4/fast_mf_200/code6cac.c:985: conflicting types for `Copy16'
tmp/func_800187F4/fast_mf_200/code6cac.c:163: previous declaration of `Copy16'
tmp/func_800187F4/fast_mf_200/code6cac.c:1066: redefinition of `func_80017FA0'
tmp/func_800187F4/fast_mf_200/code6cac.c:244: `func_80017FA0' previously defined here
tmp/func_800187F4/fast_mf_200/code6cac.c:1175: conflicting types for `ScrV'
tmp/func_800187F4/fast_mf_200/code6cac.c:353: previous declaration of `ScrV'
tmp/func_800187F4/fast_mf_200/code6cac.c:1177: redefinition of `func_80018094'
tmp/func_800187F4/fast_mf_200/code6cac.c:355: `func_80018094' previously defined here
tmp/func_800187F4/fast_mf_200/code6cac.c:1397: redefinition of `func_80018300'
tmp/func_800187F4/fast_mf_200/code6cac.c:575: `func_80018300' previously defined here
tmp/func_800187F4/fast_mf_200/code6cac.c:6423: redefinition of `func_8001924C'
tmp/func_800187F4/fast_mf_200/code6cac.c:2021: `func_8001924C' previously defined here
tmp/func_800187F4/fast_mf_200/code6cac.c:6474: redefinition of `func_80019310'
tmp/func_800187F4/fast_mf_200/code6cac.c:2072: `func_80019310' previously defined here
tmp/func_800187F4/fast_mf_200/code6cac.c:6552: redefinition of `func_8001945C'
tmp/func_800187F4/fast_mf_200/code6cac.c:2150: `func_8001945C' previously defined here
tmp/func_800187F4/fast_mf_200/code6cac.c:6557: redefinition of `func_80019488'
tmp/func_800187F4/fast_mf_200/code6cac.c:2155: `func_80019488' previously defined here
tmp/func_800187F4/fast_mf_200/code6cac.c:6560: redefinition of `func_800194C0'
tmp/func_800187F4/fast_mf_200/code6cac.c:2158: `func_800194C0' previously defined here
tmp/func_800187F4/fast_mf_200/code6cac.c:6565: redefinition of `func_800194F4'
tmp/func_800187F4/fast_mf_200/code6cac.c:2163: `func_800194F4' previously defined here
tmp/func_800187F4/fast_mf_200/code6cac.c:6573: redefinition of `func_80019534'
tmp/func_800187F4/fast_mf_200/code6cac.c:2171: `func_80019534' previously defined here
tmp/func_800187F4/fast_mf_200/code6cac.c:6578: redefinition of `func_80019568'
tmp/func_800187F4/fast_mf_200/code6cac.c:2176: `func_80019568' previously defined here
tmp/func_800187F4/fast_mf_200/code6cac.c:6713: redefinition of `func_8001979C'
tmp/func_800187F4/fast_mf_200/code6cac.c:2311: `func_8001979C' previously defined here
tmp/func_800187F4/fast_mf_200/code6cac.c:6804: redefinition of `func_8001A484'
tmp/func_800187F4/fast_mf_200/code6cac.c:2402: `func_8001A484' previously defined here
tmp/func_800187F4/fast_mf_200/code6cac.c:6816: redefinition of `math_SignExt12Div'
tmp/func_800187F4/fast_mf_200/code6cac.c:2414: `math_SignExt12Div' previously defined here
tmp/func_800187F4/fast_mf_200/code6cac.c:6823: redefinition of `func_8001A538'
tmp/func_800187F4/fast_mf_200/code6cac.c:2421: `func_8001A538' previously defined here
tmp/func_800187F4/fast_mf_200/code6cac.c:6841: redefinition of `math_FloorDiv2000'
tmp/func_800187F4/fast_mf_200/code6cac.c:2439: `math_FloorDiv2000' previously defined here
tmp/func_800187F4/fast_mf_200/code6cac.c:6847: redefinition of `func_8001A67C'
tmp/func_800187F4/fast_mf_200/code6cac.c:2445: `func_8001A67C' previously defined here
tmp/func_800187F4/fast_mf_200/code6cac.c:6896: conflicting types for `CamVec'
tmp/func_800187F4/fast_mf_200/code6cac.c:2494: previous declaration of `CamVec'
tmp/func_800187F4/fast_mf_200/code6cac.c:6913: conflicting types for `CamScratch'
tmp/func_800187F4/fast_mf_200/code6cac.c:2511: previous declaration of `CamScratch'
tmp/func_800187F4/fast_mf_200/code6cac.c:6932: redefinition of `func_8001A820'
tmp/func_800187F4/fast_mf_200/code6cac.c:2530: `func_8001A820' previously defined here
tmp/func_800187F4/fast_mf_200/code6cac.c:7151: redefinition of `func_8001B138'
tmp/func_800187F4/fast_mf_200/code6cac.c:2749: `func_8001B138' previously defined here
tmp/func_800187F4/fast_mf_200/code6cac.c:7187: redefinition of `func_8001B294'
tmp/func_800187F4/fast_mf_200/code6cac.c:2785: `func_8001B294' previously defined here
tmp/func_800187F4/fast_mf_200/code6cac.c:7188: redefinition of `func_8001B3C0'
tmp/func_800187F4/fast_mf_200/code6cac.c:2786: `func_8001B3C0' previously defined here
tmp/func_800187F4/fast_mf_200/code6cac.c:7189: redefinition of `func_8001B478'
tmp/func_800187F4/fast_mf_200/code6cac.c:2787: `func_8001B478' previously defined here
tmp/func_800187F4/fast_mf_200/code6cac.c:7288: redefinition of `func_8001B690'
tmp/func_800187F4/fast_mf_200/code6cac.c:2886: `func_8001B690' previously defined here
tmp/func_800187F4/fast_mf_200/code6cac.c:7304: redefinition of `func_8001B6F4'
tmp/func_800187F4/fast_mf_200/code6cac.c:2902: `func_8001B6F4' previously defined here
tmp/func_800187F4/fast_mf_200/code6cac.c:7312: redefinition of `func_8001B748'
tmp/func_800187F4/fast_mf_200/code6cac.c:2910: `func_8001B748' previously defined here
tmp/func_800187F4/fast_mf_200/code6cac.c:7395: redefinition of `func_8001BAE4'
tmp/func_800187F4/fast_mf_200/code6cac.c:2993: `func_8001BAE4' previously defined here
tmp/func_800187F4/fast_mf_200/code6cac.c:7418: redefinition of `func_8001BBD8'
tmp/func_800187F4/fast_mf_200/code6cac.c:3016: `func_8001BBD8' previously defined here
tmp/func_800187F4/fast_mf_200/code6cac.c:7423: redefinition of `func_8001BC70'
tmp/func_800187F4/fast_mf_200/code6cac.c:3021: `func_8001BC70' previously defined here
tmp/func_800187F4/fast_mf_200/code6cac.c:7436: redefinition of `func_8001BCF0'
tmp/func_800187F4/fast_mf_200/code6cac.c:3034: `func_8001BCF0' previously defined here
tmp/func_800187F4/fast_mf_200/code6cac.c:7459: redefinition of `func_8001BE08'
tmp/func_800187F4/fast_mf_200/code6cac.c:3057: `func_8001BE08' previously defined here
tmp/func_800187F4/fast_mf_200/code6cac.c:7466: redefinition of `func_8001BE20'
tmp/func_800187F4/fast_mf_200/code6cac.c:3064: `func_8001BE20' previously defined here
tmp/func_800187F4/fast_mf_200/code6cac.c:7556: redefinition of `func_8001C444'
tmp/func_800187F4/fast_mf_200/code6cac.c:3154: `func_8001C444' previously defined here
tmp/func_800187F4/fast_mf_200/code6cac.c:7570: redefinition of `func_8001C4C0'
tmp/func_800187F4/fast_mf_200/code6cac.c:3168: `func_8001C4C0' previously defined here
tmp/func_800187F4/fast_mf_200/code6cac.c:7581: redefinition of `func_8001C51C'
tmp/func_800187F4/fast_mf_200/code6cac.c:3179: `func_8001C51C' previously defined here
tmp/func_800187F4/fast_mf_200/code6cac.c:7607: redefinition of `func_8001C624'
tmp/func_800187F4/fast_mf_200/code6cac.c:3205: `func_8001C624' previously defined here
tmp/func_800187F4/fast_mf_200/code6cac.c:7657: redefinition of `func_8001C820'
tmp/func_800187F4/fast_mf_200/code6cac.c:3255: `func_8001C820' previously defined here
tmp/func_800187F4/fast_mf_200/code6cac.c:7680: redefinition of `func_8001C8DC'
tmp/func_800187F4/fast_mf_200/code6cac.c:3278: `func_8001C8DC' previously defined here
tmp/func_800187F4/fast_mf_200/code6cac.c:7784: redefinition of `D_800100E0'
tmp/func_800187F4/fast_mf_200/code6cac.c:3382: `D_800100E0' previously defined here
tmp/func_800187F4/fast_mf_200/code6cac.c:7786: redefinition of `func_8001CD68'
tmp/func_800187F4/fast_mf_200/code6cac.c:3384: `func_8001CD68' previously defined here
tmp/func_800187F4/fast_mf_200/code6cac.c:7828: redefinition of `func_8001CE60'
tmp/func_800187F4/fast_mf_200/code6cac.c:3426: `func_8001CE60' previously defined here
tmp/func_800187F4/fast_mf_200/code6cac.c:7988: redefinition of `func_8001D790'
tmp/func_800187F4/fast_mf_200/code6cac.c:3586: `func_8001D790' previously defined here
tmp/func_800187F4/fast_mf_200/code6cac.c:8028: redefinition of `func_8001D904'
tmp/func_800187F4/fast_mf_200/code6cac.c:3626: `func_8001D904' previously defined here
tmp/func_800187F4/fast_mf_200/code6cac.c:8043: redefinition of `func_8001D998'
tmp/func_800187F4/fast_mf_200/code6cac.c:3641: `func_8001D998' previously defined here
tmp/func_800187F4/fast_mf_200/code6cac.c:8058: redefinition of `func_8001DA2C'
tmp/func_800187F4/fast_mf_200/code6cac.c:3656: `func_8001DA2C' previously defined here
tmp/func_800187F4/fast_mf_200/code6cac.c:8068: redefinition of `func_8001DA8C'
tmp/func_800187F4/fast_mf_200/code6cac.c:3666: `func_8001DA8C' previously defined here
tmp/func_800187F4/fast_mf_200/code6cac.c:8100: redefinition of `func_8001DB58'
tmp/func_800187F4/fast_mf_200/code6cac.c:3698: `func_8001DB58' previously defined here
tmp/func_800187F4/fast_mf_200/code6cac.c:8110: redefinition of `func_8001DB9C'
tmp/func_800187F4/fast_mf_200/code6cac.c:3708: `func_8001DB9C' previously defined here
tmp/func_800187F4/fast_mf_200/code6cac.c:8114: redefinition of `func_8001DBE4'
tmp/func_800187F4/fast_mf_200/code6cac.c:3712: `func_8001DBE4' previously defined here
tmp/func_800187F4/fast_mf_200/code6cac.c:8156: redefinition of `func_8001DCB0'
tmp/func_800187F4/fast_mf_200/code6cac.c:3754: `func_8001DCB0' previously defined here
tmp/func_800187F4/fast_mf_200/code6cac.c:8318: conflicting types for `CamBuf'
tmp/func_800187F4/fast_mf_200/code6cac.c:3916: previous declaration of `CamBuf'
tmp/func_800187F4/fast_mf_200/code6cac.c:8320: redefinition of `func_8001E404'
tmp/func_800187F4/fast_mf_200/code6cac.c:3918: `func_8001E404' previously defined here
tmp/func_800187F4/fast_mf_200/code6cac.c:8397: conflicting types for `CamWork'
tmp/func_800187F4/fast_mf_200/code6cac.c:3995: previous declaration of `CamWork'
tmp/func_800187F4/fast_mf_200/code6cac.c:8399: redefinition of `func_8001E6E4'
tmp/func_800187F4/fast_mf_200/code6cac.c:3997: `func_8001E6E4' previously defined here
tmp/func_800187F4/fast_mf_200/code6cac.c:8428: redefinition of `func_8001E800'
tmp/func_800187F4/fast_mf_200/code6cac.c:4026: `func_8001E800' previously defined here
tmp/func_800187F4/fast_mf_200/code6cac.c:8442: redefinition of `func_8001E878'
tmp/func_800187F4/fast_mf_200/code6cac.c:4040: `func_8001E878' previously defined here
tmp/func_800187F4/fast_mf_200/code6cac.c:8476: redefinition of `func_8001EA04'
tmp/func_800187F4/fast_mf_200/code6cac.c:4074: `func_8001EA04' previously defined here
tmp/func_800187F4/fast_mf_200/code6cac.c:8490: redefinition of `func_8001EA84'
tmp/func_800187F4/fast_mf_200/code6cac.c:4088: `func_8001EA84' previously defined here
tmp/func_800187F4/fast_mf_200/code6cac.c:8580: redefinition of `func_8001EEB4'
tmp/func_800187F4/fast_mf_200/code6cac.c:4178: `func_8001EEB4' previously defined here
tmp/func_800187F4/fast_mf_200/code6cac.c:8601: redefinition of `func_8001EFA0'
tmp/func_800187F4/fast_mf_200/code6cac.c:4199: `func_8001EFA0' previously defined here
tmp/func_800187F4/fast_mf_200/code6cac.c:8650: redefinition of `func_8001F1C4'
tmp/func_800187F4/fast_mf_200/code6cac.c:4248: `func_8001F1C4' previously defined here
tmp/func_800187F4/fast_mf_200/code6cac.c:8681: redefinition of `func_8001F2E4'
tmp/func_800187F4/fast_mf_200/code6cac.c:4279: `func_8001F2E4' previously defined here
tmp/func_800187F4/fast_mf_200/code6cac.c:8888: redefinition of `func_8001F860'
tmp/func_800187F4/fast_mf_200/code6cac.c:4486: `func_8001F860' previously defined here
tmp/func_800187F4/fast_mf_200/code6cac.c:8895: redefinition of `func_8001F888'
tmp/func_800187F4/fast_mf_200/code6cac.c:4493: `func_8001F888' previously defined here
tmp/func_800187F4/fast_mf_200/code6cac.c:8973: redefinition of `func_8001F938'
tmp/func_800187F4/fast_mf_200/code6cac.c:4571: `func_8001F938' previously defined here
tmp/func_800187F4/fast_mf_200/code6cac.c:9035: redefinition of `func_8001FAE4'
tmp/func_800187F4/fast_mf_200/code6cac.c:4633: `func_8001FAE4' previously defined here
tmp/func_800187F4/fast_mf_200/code6cac.c:9054: redefinition of `func_8001FB34'
tmp/func_800187F4/fast_mf_200/code6cac.c:4652: `func_8001FB34' previously defined here
tmp/func_800187F4/fast_mf_200/code6cac.c:9087: conflicting types for `StatusEvt'
tmp/func_800187F4/fast_mf_200/code6cac.c:4685: previous declaration of `StatusEvt'
tmp/func_800187F4/fast_mf_200/code6cac.c:9092: redefinition of `func_8001FBE8'
tmp/func_800187F4/fast_mf_200/code6cac.c:4690: `func_8001FBE8' previously defined here
tmp/func_800187F4/fast_mf_200/code6cac.c:9202: redefinition of `func_8002006C'
tmp/func_800187F4/fast_mf_200/code6cac.c:4800: `func_8002006C' previously defined here
tmp/func_800187F4/fast_mf_200/code6cac.c:9213: redefinition of `func_800200DC'
tmp/func_800187F4/fast_mf_200/code6cac.c:4811: `func_800200DC' previously defined here
tmp/func_800187F4/fast_mf_200/code6cac.c:9292: redefinition of `func_800203B4'
tmp/func_800187F4/fast_mf_200/code6cac.c:4890: `func_800203B4' previously defined here
tmp/func_800187F4/fast_mf_200/code6cac.c:9352: redefinition of `func_800206B0'
tmp/func_800187F4/fast_mf_200/code6cac.c:4950: `func_800206B0' previously defined here
tmp/func_800187F4/fast_mf_200/code6cac.c:9380: redefinition of `func_80020CDC'
tmp/func_800187F4/fast_mf_200/code6cac.c:4978: `func_80020CDC' previously defined here
tmp/func_800187F4/fast_mf_200/code6cac.c:9390: redefinition of `func_80020D38'
tmp/func_800187F4/fast_mf_200/code6cac.c:4988: `func_80020D38' previously defined here
tmp/func_800187F4/fast_mf_200/code6cac.c:9397: redefinition of `func_80020D70'
tmp/func_800187F4/fast_mf_200/code6cac.c:4995: `func_80020D70' previously defined here
tmp/func_800187F4/fast_mf_200/code6cac.c:9405: redefinition of `func_80020DDC'
tmp/func_800187F4/fast_mf_200/code6cac.c:5003: `func_80020DDC' previously defined here
tmp/func_800187F4/fast_mf_200/code6cac.c:9408: redefinition of `func_80021210'
tmp/func_800187F4/fast_mf_200/code6cac.c:5006: `func_80021210' previously defined here
tmp/func_800187F4/fast_mf_200/code6cac.c:9448: redefinition of `func_80021280'
tmp/func_800187F4/fast_mf_200/code6cac.c:5046: `func_80021280' previously defined here
tmp/func_800187F4/fast_mf_200/code6cac.c:9513: redefinition of `func_800213A0'
tmp/func_800187F4/fast_mf_200/code6cac.c:5111: `func_800213A0' previously defined here
tmp/func_800187F4/fast_mf_200/code6cac.c:9532: redefinition of `D_800100FC'
tmp/func_800187F4/fast_mf_200/code6cac.c:5130: `D_800100FC' previously defined here
tmp/func_800187F4/fast_mf_200/code6cac.c:9601: redefinition of `func_80021424'
tmp/func_800187F4/fast_mf_200/code6cac.c:5199: `func_80021424' previously defined here
tmp/func_800187F4/fast_mf_200/code6cac.c:9658: redefinition of `func_800218C8'
tmp/func_800187F4/fast_mf_200/code6cac.c:5256: `func_800218C8' previously defined here
tmp/func_800187F4/fast_mf_200/code6cac.c:9662: redefinition of `func_80021904'
tmp/func_800187F4/fast_mf_200/code6cac.c:5260: `func_80021904' previously defined here
tmp/func_800187F4/fast_mf_200/code6cac.c:9673: redefinition of `func_80021974'
tmp/func_800187F4/fast_mf_200/code6cac.c:5271: `func_80021974' previously defined here
tmp/func_800187F4/fast_mf_200/code6cac.c:9684: redefinition of `func_800219E4'
tmp/func_800187F4/fast_mf_200/code6cac.c:5282: `func_800219E4' previously defined here
tmp/func_800187F4/fast_mf_200/code6cac.c:9691: redefinition of `func_80021A3C'
tmp/func_800187F4/fast_mf_200/code6cac.c:5289: `func_80021A3C' previously defined here
tmp/func_800187F4/fast_mf_200/code6cac.c:9698: redefinition of `func_80021A98'
tmp/func_800187F4/fast_mf_200/code6cac.c:5296: `func_80021A98' previously defined here
tmp/func_800187F4/fast_mf_200/code6cac.c:9805: redefinition of `func_80021D10'
tmp/func_800187F4/fast_mf_200/code6cac.c:5403: `func_80021D10' previously defined here
tmp/func_800187F4/fast_mf_200/code6cac.c:9812: redefinition of `func_80021DB0'
tmp/func_800187F4/fast_mf_200/code6cac.c:5410: `func_80021DB0' previously defined here
tmp/func_800187F4/fast_mf_200/code6cac.c:9894: redefinition of `func_80022224'
tmp/func_800187F4/fast_mf_200/code6cac.c:5492: `func_80022224' previously defined here
tmp/func_800187F4/fast_mf_200/code6cac.c:9961: redefinition of `func_80022408'
tmp/func_800187F4/fast_mf_200/code6cac.c:5559: `func_80022408' previously defined here
tmp/func_800187F4/fast_mf_200/code6cac.c:9995: redefinition of `func_800224E0'
tmp/func_800187F4/fast_mf_200/code6cac.c:5593: `func_800224E0' previously defined here
tmp/func_800187F4/fast_mf_200/code6cac.c:10020: redefinition of `func_80022568'
tmp/func_800187F4/fast_mf_200/code6cac.c:5618: `func_80022568' previously defined here
tmp/func_800187F4/fast_mf_200/code6cac.c:10026: redefinition of `func_80022580'
tmp/func_800187F4/fast_mf_200/code6cac.c:5624: `func_80022580' previously defined here
tmp/func_800187F4/fast_mf_200/code6cac.c:10227: redefinition of `func_80022F34'
tmp/func_800187F4/fast_mf_200/code6cac.c:5825: `func_80022F34' previously defined here
tmp/func_800187F4/fast_mf_200/code6cac.c:10274: conflicting types for `Quad_2304C'
tmp/func_800187F4/fast_mf_200/code6cac.c:5872: previous declaration of `Quad_2304C'
tmp/func_800187F4/fast_mf_200/code6cac.c:10307: redefinition of `func_8002304C'
tmp/func_800187F4/fast_mf_200/code6cac.c:5905: `func_8002304C' previously defined here
tmp/func_800187F4/fast_mf_200/code6cac.c:10378: conflicting types for `SVec8_233AC'
tmp/func_800187F4/fast_mf_200/code6cac.c:5976: previous declaration of `SVec8_233AC'
tmp/func_800187F4/fast_mf_200/code6cac.c:10380: redefinition of `func_800233AC'
tmp/func_800187F4/fast_mf_200/code6cac.c:5978: `func_800233AC' previously defined here
tmp/func_800187F4/fast_mf_200/code6cac.c:10477: redefinition of `func_80023648'
tmp/func_800187F4/fast_mf_200/code6cac.c:6075: `func_80023648' previously defined here
tmp/func_800187F4/fast_mf_200/code6cac.c:10599: redefinition of `func_800238C4'
tmp/func_800187F4/fast_mf_200/code6cac.c:6197: `func_800238C4' previously defined here
tmp/func_800187F4/fast_mf_200/code6cac.c:10742: redefinition of `math_RotMatrixZYXAngles'
tmp/func_800187F4/fast_mf_200/code6cac.c:6340: `math_RotMatrixZYXAngles' previously defined here
tmp/func_800187F4/fast_mf_200/code6cac.c:10756: redefinition of `func_80023CB4'
tmp/func_800187F4/fast_mf_200/code6cac.c:6354: `func_80023CB4' previously defined here
tmp/func_800187F4/fast_mf_200/code6cac.c:10771: redefinition of `func_80023D08'
tmp/func_800187F4/fast_mf_200/code6cac.c:6369: `func_80023D08' previously defined here
tmp/func_800187F4/fast_mf_200/code6cac.c:10774: redefinition of `func_80023D28'
tmp/func_800187F4/fast_mf_200/code6cac.c:6372: `func_80023D28' previously defined here
tmp/func_800187F4/fast_mf_200/code6cac.c:10784: redefinition of `func_80023DB8'
tmp/func_800187F4/fast_mf_200/code6cac.c:6382: `func_80023DB8' previously defined here
tmp/func_800187F4/fast_mf_200/code6cac.c:10796: redefinition of `func_80023E40'
tmp/func_800187F4/fast_mf_200/code6cac.c:6394: `func_80023E40' previously defined here
tmp/func_800187F4/fast_mf_200/code6cac.c:10821: redefinition of `D_80010428'
tmp/func_800187F4/fast_mf_200/code6cac.c:6419: `D_80010428' previously defined here
mf_200 BUILD FAIL
{standard input}: Assembler messages:
{standard input}:778: Error: symbol `func_80017FA0' is already defined
{standard input}:872: Error: symbol `func_80018094' is already defined
{standard input}:1087: Error: symbol `func_80018300' is already defined
{standard input}:15713: Error: symbol `func_8001924C' is already defined
FRAME mf_200 
mf_201     diff=4 tgt=662 ours=662 li19=2
FRAME mf_201 addiu sp,sp,-120
mf_202     diff=4 tgt=662 ours=662 li19=2
FRAME mf_202 addiu sp,sp,-120
mf_203     diff=4 tgt=662 ours=662 li19=2
FRAME mf_203 addiu sp,sp,-120
mf_204     diff=24 tgt=662 ours=662 li19=2
FRAME mf_204 addiu sp,sp,-104
mf_205     diff=24 tgt=662 ours=662 li19=2
FRAME mf_205 addiu sp,sp,-104
mf_206     diff=111 tgt=662 ours=661 li19=0
FRAME mf_206 addiu sp,sp,-120
mf_207     diff=347 tgt=662 ours=660 li19=0
FRAME mf_207 addiu sp,sp,-120
mf_208     diff=0 tgt=662 ours=662 li19=2
FRAME mf_208 addiu sp,sp,-120
mf_209     diff=26 tgt=662 ours=662 li19=2
FRAME mf_209 addiu sp,sp,-120
mf_210     diff=63 tgt=662 ours=663 li19=2
FRAME mf_210 addiu sp,sp,-120
mf_211     diff=0 tgt=662 ours=662 li19=2
FRAME mf_211 addiu sp,sp,-120
mf_212     diff=0 tgt=662 ours=662 li19=2
FRAME mf_212 addiu sp,sp,-120
mf_213     diff=53 tgt=662 ours=660 li19=2
FRAME mf_213 addiu sp,sp,-120
mf_214     diff=47 tgt=662 ours=661 li19=2
FRAME mf_214 addiu sp,sp,-120
mf_215     diff=71 tgt=662 ours=661 li19=0
FRAME mf_215 addiu sp,sp,-120
mf_216     diff=21 tgt=662 ours=662 li19=2
FRAME mf_216 addiu sp,sp,-120
mf_217     diff=25 tgt=662 ours=662 li19=2
FRAME mf_217 addiu sp,sp,-120
JOINED:
mf_002     diff=180 tgt=662 ours=661 li19=0
SWEEP-DONE
