COMPLETED-C:                    1236 functions
COMPLETED-INLINE-ASM-CANONICAL: 219 functions
INCOMPLETE (in queue):          28 functions

data-as-code symbols (11) — in the objects' function tables but structurally not C functions; excluded from the COMPLETED-C count (owner ruling 2026-08-07):
  -- D_800521AC (text1b.c)
  -- D_800521FC (text1b.c)
  -- D_80052344 (text1b.c)
  -- D_80052394 (text1b.c)
  -- D_800545F8 (text1b.c)
  -- D_800545FC (text1b.c)
  -- D_80054600 (text1b.c)
  -- D_80081F1C (system.c)
  -- g_data_start (main_post.c)
  -- g_module_func_tbl (main_post.c)
  -- g_sqrt_table_u8 (main_post.c)

maspsx gate-dependent completions (3) — legitimate, tracked for transparency:
  -- func_8003047C (code6cac_b_tu2.c): COMPLETED-C depends on expand_lb_funcs.txt (fidelity-class assembler gate)
  -- _dws (display.c): COMPLETED-C depends on expand_dest_funcs.txt (fidelity-class assembler gate)
  -- main (ings.c): COMPLETED-C depends on maspsx_prefill_label_funcs.txt (fidelity-class assembler gate)

OK: all completed functions satisfy their category's invariants.
