[wteng] target=main  root=C:\Users\Trenton\Desktop\Bushido Blade 2 Decompile
{
  "ok": true,
  "build_sha1": "62efab4f73f992798c43e8c730aa43baa10bb4fa",
  "expected": "62efab4f73f992798c43e8c730aa43baa10bb4fa",
  "build_matches": true,
  "artifact_matches": true,
  "freshness": {
    "fresh": true
  },
  "original_sha1_now": "62efab4f73f992798c43e8c730aa43baa10bb4fa",
  "original_sha1_locked": "62efab4f73f992798c43e8c730aa43baa10bb4fa",
  "drift": {
    "corpus": [
      "src/code6cac.c",
      "src/code6cac_b.c",
      "src/code6cac_b2_post.c",
      "src/code6cac_c2.c",
      "src/code6cac_c_ab.c",
      "src/code6cac_c_mid.c",
      "src/display.c",
      "src/gpu.c",
      "src/ings.c",
      "src/ings2.c",
      "src/main.c",
      "src/sound.c",
      "src/system.c",
      "src/text1a_b_pre_rodata.c",
      "src/text1a_c.c",
      "src/text1a_post.c",
      "src/text1a_pre.c",
      "src/text1b.c",
      "src/text1b_b.c"
    ],
    "config": [
      "sdata_syms.txt",
      "sdata_exclude.txt",
      "named_syms.txt",
      "undefined_syms_auto.txt",
      "bb2.ld"
    ],
    "toolchain": [
      "maspsx_sources_sha1"
    ]
  },
  "locked_at_commit": "6b4b62b9933a312b6fcf3f3ab918bc26ac848cb2",
  "golden_fixtures": [
    {
      "name": "ang_near_dif",
      "file": "src/config.c",
      "vram": "0x8003F6D8",
      "size": 284,
      "text_sha1": "56330915ee46335ba8fcedc25b3e0e6b5806c71b"
    },
    {
      "name": "game_GetMode",
      "file": "src/config.c",
      "vram": "0x8003F1C8",
      "size": 12,
      "text_sha1": "8fd380de7634f1fc52f617b899e4f7b952531fb6"
    },
    {
      "name": "game_GetPlayerCount",
      "file": "src/config.c",
      "vram": "0x8003F268",
      "size": 12,
      "text_sha1": "22debe3af7d4c7b3ed04c11abc5c06f9df1f05d6"
    },
    {
      "name": "stage_GetCollision",
      "file": "src/config.c",
      "vram": "0x8003F54C",
      "size": 28,
      "text_sha1": "72298aee04fa7cd810d7b7ce1053047933e8f79d"
    },
    {
      "name": "stage_SetLightPosDir",
      "file": "src/config.c",
      "vram": "0x8003F5A8",
      "size": 36,
      "text_sha1": "887565d4e0119cf7718e6140f3300d2b42c21256"
    }
  ]
}
