control {"score": 5, "target_insns": 588, "build_insns": 588}
int-field-both {"score": 5, "target_insns": 588, "build_insns": 588}
int-field-first {"score": 5, "target_insns": 588, "build_insns": 588}
int-field-second {"score": 5, "target_insns": 588, "build_insns": 588}
int-byte-both {"score": 5, "target_insns": 588, "build_insns": 588}
int-byte-first {"score": 5, "target_insns": 588, "build_insns": 588}
int-byte-second {"score": 5, "target_insns": 588, "build_insns": 588}
int-base-struct-both {"score": 0, "target_insns": 588, "build_insns": 588}
int-base-struct-first {"score": 0, "target_insns": 588, "build_insns": 588}
int-base-struct-second {"score": 5, "target_insns": 588, "build_insns": 588}
int-byte-unsigned-both {"score": 5, "target_insns": 588, "build_insns": 588}
int-byte-unsigned-first {"score": 5, "target_insns": 588, "build_insns": 588}
int-byte-unsigned-second {"score": 5, "target_insns": 588, "build_insns": 588}
int-signed-both {"score": 5, "target_insns": 588, "build_insns": 588}
int-signed-first {"score": 5, "target_insns": 588, "build_insns": 588}
int-signed-second {"score": 5, "target_insns": 588, "build_insns": 588}
byte-offset-both {"score": 5, "target_insns": 588, "build_insns": 588}
byte-offset-first {"score": 5, "target_insns": 588, "build_insns": 588}
byte-offset-second {"score": 5, "target_insns": 588, "build_insns": 588}
scalar-array-both {"score": 5, "target_insns": 588, "build_insns": 588}
scalar-array-first {"score": 5, "target_insns": 588, "build_insns": 588}
scalar-array-second {"score": 5, "target_insns": 588, "build_insns": 588}
volatile-field-both {"score": 6, "target_insns": 588, "build_insns": 589}
volatile-field-first {"score": 6, "target_insns": 588, "build_insns": 589}
volatile-field-second {"score": 5, "target_insns": 588, "build_insns": 588}
