control {"score": 5, "target_insns": 588, "build_insns": 588}
arrow-both {"score": 0, "target_insns": 588, "build_insns": 588}
arrow-first {"score": 0, "target_insns": 588, "build_insns": 588}
arrow-second {"score": 5, "target_insns": 588, "build_insns": 588}
cast-arrow-both {"score": 0, "target_insns": 588, "build_insns": 588}
cast-arrow-first {"score": 0, "target_insns": 588, "build_insns": 588}
cast-arrow-second {"score": 5, "target_insns": 588, "build_insns": 588}
void-roundtrip-both {"score": 0, "target_insns": 588, "build_insns": 588}
void-roundtrip-first {"score": 0, "target_insns": 588, "build_insns": 588}
void-roundtrip-second {"score": 5, "target_insns": 588, "build_insns": 588}
cast-array-both {"score": 0, "target_insns": 588, "build_insns": 588}
cast-array-first {"score": 0, "target_insns": 588, "build_insns": 588}
cast-array-second {"score": 5, "target_insns": 588, "build_insns": 588}
int-array-both {"score": 0, "target_insns": 588, "build_insns": 588}
int-array-first {"score": 0, "target_insns": 588, "build_insns": 588}
int-array-second {"score": 5, "target_insns": 588, "build_insns": 588}
address-arrow-both {"score": 0, "target_insns": 588, "build_insns": 588}
address-arrow-first {"score": 0, "target_insns": 588, "build_insns": 588}
address-arrow-second {"score": 5, "target_insns": 588, "build_insns": 588}
array-deref-both {"score": 0, "target_insns": 588, "build_insns": 588}
array-deref-first {"score": 0, "target_insns": 588, "build_insns": 588}
array-deref-second {"score": 5, "target_insns": 588, "build_insns": 588}
plus-zero-both {"score": 0, "target_insns": 588, "build_insns": 588}
plus-zero-first {"score": 0, "target_insns": 588, "build_insns": 588}
plus-zero-second {"score": 5, "target_insns": 588, "build_insns": 588}
cast-const-array-both {"score": 18, "target_insns": 588, "build_insns": 588}
cast-const-array-first {"score": 18, "target_insns": 588, "build_insns": 588}
cast-const-array-second {"score": 5, "target_insns": 588, "build_insns": 588}
cast-const-arrow-both {"score": 18, "target_insns": 588, "build_insns": 588}
cast-const-arrow-first {"score": 18, "target_insns": 588, "build_insns": 588}
cast-const-arrow-second {"score": 5, "target_insns": 588, "build_insns": 588}
