800a30cc..800a30d4 n=  2 gp-owner=-                                             other-refs=['ings', 'ings,ings2']
800a30dc..800a30e8 n=  2 gp-owner=ings                                          other-refs=[]
800a30ec..800a30ec n=  1 gp-owner=code6cac_tu2                                  other-refs=[]
800a30f0..800a30f4 n=  3 gp-owner=-                                             other-refs=['code6cac_tu2']
800a30fc..800a30fd n=  2 gp-owner=code6cac_tu2                                  other-refs=[]
800a3100..800a3138 n=  5 gp-owner=-                                             other-refs=['code6cac_b_tu2', 'code6cac_c2', 'code6cac_tu2']
800a3140..800a3140 n=  1 gp-owner=code6cac_b_tu2                                other-refs=['code6cac_b_tu2']
800a3144..800a3144 n=  1 gp-owner=-                                             other-refs=['code6cac_b_tu2']
800a314c..800a314c n=  1 gp-owner=code6cac_b_tu2                                other-refs=[]
800a3174..800a3174 n=  1 gp-owner=code6cac_b3                                   other-refs=['code6cac_b3']
800a3176..800a31d0 n= 13 gp-owner=-                                             other-refs=['code6cac_b3']
800a31d8..800a31d8 n=  1 gp-owner=code6cac_b2_post,code6cac_b2_pre              other-refs=[]
800a31d9..800a31d9 n=  1 gp-owner=code6cac_b2_post                              other-refs=[]
800a31da..800a31da n=  1 gp-owner=code6cac_b2_post,code6cac_b2_pre,replay_camera_rob_back_loose2 other-refs=['code6cac_c2,code6cac_tu2,ings']
800a31e4..800a31e4 n=  1 gp-owner=code6cac_b4_post                              other-refs=[]
800a31f0..800a320c n= 14 gp-owner=code6cac_c_mid                                other-refs=[]
800a3210..800a3210 n=  1 gp-owner=-                                             other-refs=['code6cac_c_mid']
800a3218..800a321c n=  2 gp-owner=code6cac_c2                                   other-refs=[]
800a3220..800a3220 n=  1 gp-owner=-                                             other-refs=['code6cac_c2']
800a3228..800a3228 n=  1 gp-owner=code6cac_c2                                   other-refs=[]
800a322c..800a322c n=  1 gp-owner=code6cac_c2,config                            other-refs=[]
800a3230..800a3230 n=  1 gp-owner=code6cac_c2                                   other-refs=[]
800a3234..800a3234 n=  1 gp-owner=text1a_pre                                    other-refs=[]
800a3238..800a323c n=  3 gp-owner=text1a_post                                   other-refs=[]
800a3240..800a3244 n=  2 gp-owner=text1a_c                                      other-refs=[]
800a3248..800a324a n=  2 gp-owner=sound                                         other-refs=[]
800a324c..800a3250 n=  2 gp-owner=text1b                                        other-refs=[]
800a3258..800a3260 n=  3 gp-owner=-                                             other-refs=['text1b']
800a326c..800a326c n=  1 gp-owner=text1b_tu1c                                   other-refs=[]
800a3270..800a3270 n=  1 gp-owner=-                                             other-refs=['text1b_tu1c']
800a3278..800a3278 n=  1 gp-owner=text1b_tu1c                                   other-refs=[]
800a327c..800a32ac n=  7 gp-owner=-                                             other-refs=['text1b_tu1c']
800a32b4..800a32bc n=  4 gp-owner=text1b_tu1c                                   other-refs=[]
800a32c0..800a32e0 n=  5 gp-owner=-                                             other-refs=['text1b_tu1c']
800a32e8..800a32e9 n=  2 gp-owner=text1b_tu1d                                   other-refs=[]
800a32ec..800a32fc n=  3 gp-owner=-                                             other-refs=['text1b_b', 'text1b_tu1d']
800a3304..800a3304 n=  1 gp-owner=text1b_b                                      other-refs=[]
800a3308..800a3308 n=  1 gp-owner=-                                             other-refs=['ings2']
800a3310..800a3310 n=  1 gp-owner=code6cac_tu2                                  other-refs=[]
800a3318..800a3354 n= 16 gp-owner=code6cac_c_mid                                other-refs=[]
800a3358..800a3368 n=  5 gp-owner=code6cac_c2                                   other-refs=[]
800a336c..800a336c n=  1 gp-owner=code6cac_c2,config                            other-refs=[]
800a3370..800a3374 n=  2 gp-owner=config                                        other-refs=[]
800a3378..800a3378 n=  1 gp-owner=text1a_pre                                    other-refs=[]
800a3380..800a3388 n=  4 gp-owner=text1a_post                                   other-refs=['text1a_post']
800a3398..800a33ac n=  5 gp-owner=text1a_c                                      other-refs=[]
800a33b0..800a33b4 n=  2 gp-owner=sound,text1a_b,text1a_c2                      other-refs=[]
800a33bc..800a33ca n=  4 gp-owner=sound                                         other-refs=['sound']
800a33d0..800a33d0 n=  1 gp-owner=sound,text1b                                  other-refs=[]
800a33d4..800a33d8 n=  2 gp-owner=sound                                         other-refs=[]
800a33e0..800a33f8 n=  8 gp-owner=text1b                                        other-refs=['text1b']
800a3400..800a3424 n=  7 gp-owner=text1b_tu1c                                   other-refs=[]
800a3438..800a3438 n=  1 gp-owner=-                                             other-refs=['text1b_tu1c']
800a3440..800a352c n= 61 gp-owner=text1b_tu1c                                   other-refs=['text1b_tu1c']
800a3530..800a3544 n=  4 gp-owner=-                                             other-refs=['text1b_tu1d']
800a3548..800a358e n= 23 gp-owner=text1b_tu1d                                   other-refs=['text1b_tu1d']
800a3590..800a3590 n=  1 gp-owner=-                                             other-refs=['text1b_tu1d']
800a3592..800a3592 n=  1 gp-owner=text1b_tu1d                                   other-refs=[]
800a3594..800a3594 n=  1 gp-owner=-                                             other-refs=['text1b_tu1d']
800a3598..800a35ca n= 14 gp-owner=text1b_tu1d                                   other-refs=['text1b_tu1d']
800a35d0..800a35d0 n=  1 gp-owner=-                                             other-refs=['text1b_tu2']
800a35d8..800a35e0 n=  3 gp-owner=text1b_tu2                                    other-refs=[]
800a35e4..800a35e4 n=  1 gp-owner=text1b_b,text1b_tu2                           other-refs=[]
800a35e8..800a35e8 n=  1 gp-owner=text1b_tu2                                    other-refs=[]
800a35f0..800a3614 n=  9 gp-owner=text1b_b                                      other-refs=[]
800a3618..800a3680 n= 15 gp-owner=-                                             other-refs=['code6cac_c2', 'code6cac_c2,code6cac_tu2', 'code6cac_c2,text1a_c', 'code6cac_c_ab,code6cac_tu2,text1b', 'display', 'gpu', 'ings2', 'text1b_b']
800a3688..800a3688 n=  1 gp-owner=code6cac_c_mid                                other-refs=['code6cac_c_mid']
800a368c..800a368c n=  1 gp-owner=-                                             other-refs=['code6cac_c_mid']
800a3690..800a3690 n=  1 gp-owner=ings                                          other-refs=['code6cac_b3,code6cac_tu2']
800a3698..800a3698 n=  1 gp-owner=code6cac_c_mid                                other-refs=['code6cac_c_mid']
800a369c..800a369c n=  1 gp-owner=-                                             other-refs=['code6cac_c_mid']
800a36a0..800a36a0 n=  1 gp-owner=text1b_tu1e,text1b_tu2                        other-refs=[]
800a36a4..800a36a4 n=  1 gp-owner=-                                             other-refs=['code6cac_b_tu2,code6cac_b_tu3,code6cac_c_ab,code6cac_tu2,text1b']
800a36a8..800a36b0 n=  3 gp-owner=ings                                          other-refs=['code6cac_b_tu2,code6cac_c2,code6cac_tu2', 'code6cac_c2,text1a_c,text1a_pre,text1b,text1b_tu1c,text1b_tu1d,text1b_tu2']
800a36b4..800a36b4 n=  1 gp-owner=-                                             other-refs=['code6cac_b_tu2,code6cac_tu2']
800a36b8..800a36b8 n=  1 gp-owner=code6cac_b4,code6cac_b5                       other-refs=['code6cac_b5']
800a36b9..800a36bb n=  3 gp-owner=-                                             other-refs=['code6cac_b5']
800a36c0..800a36c0 n=  1 gp-owner=code6cac_c_mid                                other-refs=[]
800a36c2..800a36cc n=  6 gp-owner=-                                             other-refs=['code6cac_b3_post,code6cac_tu2', 'code6cac_c_ab', 'code6cac_c_mid', 'code6cac_tu2']
800a36d0..800a36d0 n=  1 gp-owner=code6cac_c_mid                                other-refs=[]
800a36d2..800a36d8 n=  3 gp-owner=-                                             other-refs=['code6cac_c_mid', 'code6cac_tu2']
800a36dc..800a36e4 n=  3 gp-owner=text1b_tu1c                                   other-refs=[]
800a36e8..800a36e8 n=  1 gp-owner=-                                             other-refs=['code6cac_b_tu2,code6cac_tu2']
800a36ec..800a36ec n=  1 gp-owner=code6cac_c_mid                                other-refs=[]
800a36f0..800a36f0 n=  1 gp-owner=-                                             other-refs=['code6cac_b_tu2']
800a36f1..800a36f1 n=  1 gp-owner=ings                                          other-refs=['code6cac_b2_post']
800a36f2..800a36f2 n=  1 gp-owner=code6cac_b_tu2                                other-refs=['code6cac_b_tu2']
800a36f4..800a36f6 n=  2 gp-owner=-                                             other-refs=['code6cac_b3_post,code6cac_b_tu2,code6cac_b_tu3,code6cac_tu2', 'code6cac_c_ab']
800a36f8..800a36f8 n=  1 gp-owner=code6cac_c_mid                                other-refs=[]
800a36f9..800a36f9 n=  1 gp-owner=ings                                          other-refs=['code6cac_b3']
800a36fa..800a36fc n=  2 gp-owner=-                                             other-refs=['code6cac_tu2']
800a3708..800a3708 n=  1 gp-owner=text1a_c                                      other-refs=['code6cac_c2,config,sound,text1b']
800a370c..800a370c n=  1 gp-owner=-                                             other-refs=['text1a_c,text1b']
800a3710..800a3710 n=  1 gp-owner=ings                                          other-refs=['code6cac_tu2']
800a3712..800a3712 n=  1 gp-owner=-                                             other-refs=['code6cac_c_ab,code6cac_c_mid,code6cac_tu2']
800a3713..800a3713 n=  1 gp-owner=ings                                          other-refs=['code6cac_b_tu3']
800a3714..800a3714 n=  1 gp-owner=code6cac_c_mid                                other-refs=[]
800a3716..800a3716 n=  1 gp-owner=ings                                          other-refs=[]
800a3718..800a3718 n=  1 gp-owner=code6cac_b4,code6cac_b5                       other-refs=['code6cac_b4,code6cac_b5']
800a371c..800a371c n=  1 gp-owner=-                                             other-refs=['code6cac_b_tu2,code6cac_tu2']
800a3720..800a3724 n=  2 gp-owner=text1b_tu1c                                   other-refs=[]
800a3728..800a3728 n=  1 gp-owner=-                                             other-refs=['code6cac_b_tu3,code6cac_tu2']
800a372c..800a372c n=  1 gp-owner=text1b_tu1c                                   other-refs=[]
800a3730..800a373c n=  4 gp-owner=code6cac_c_mid                                other-refs=[]
800a3740..800a3740 n=  1 gp-owner=code6cac_b2_post,code6cac_b2_pre,replay_camera_rob_back_loose2 other-refs=[]
800a3744..800a3744 n=  1 gp-owner=ings                                          other-refs=[]
800a3745..800a3748 n=  3 gp-owner=-                                             other-refs=['code6cac_b_tu2,code6cac_c2,code6cac_c_mid,code6cac_tu2', 'ings']
800a374c..800a374c n=  1 gp-owner=ings                                          other-refs=['code6cac_b2_pre,code6cac_c2,sound,text1b,text1b_b,text1b_tu1c,text1b_tu1d,text1b_tu1e,text1b_tu2']
800a3750..800a3758 n=  3 gp-owner=-                                             other-refs=['code6cac_b_tu2', 'code6cac_b_tu2,code6cac_tu2']
800a3760..800a3760 n=  1 gp-owner=code6cac_b5                                   other-refs=['code6cac_b5']
800a3768..800a3768 n=  1 gp-owner=ings                                          other-refs=['code6cac_b_tu2,code6cac_b_tu3,code6cac_c2,code6cac_c_ab,code6cac_tu2']
800a3769..800a376e n=  5 gp-owner=-                                             other-refs=['code6cac_b_tu2', 'code6cac_b_tu2,code6cac_c_ab', 'code6cac_b_tu2,code6cac_tu2', 'code6cac_c2,code6cac_c_ab', 'code6cac_tu2']
800a3770..800a3770 n=  1 gp-owner=ings                                          other-refs=['ings,text1b']
800a3774..800a3781 n=  5 gp-owner=-                                             other-refs=['code6cac_b_tu2,code6cac_c2', 'code6cac_c_mid,code6cac_tu2', 'code6cac_tu2', 'ings']
800a3782..800a3782 n=  1 gp-owner=code6cac_c_mid                                other-refs=[]
800a3783..800a3783 n=  1 gp-owner=-                                             other-refs=['code6cac_b_tu2,code6cac_tu2,text1b']
800a3784..800a3788 n=  2 gp-owner=ings                                          other-refs=['code6cac_b3_post,text1b', 'code6cac_b_tu2,code6cac_c2']
800a378c..800a3790 n=  2 gp-owner=text1a_c                                      other-refs=['code6cac_c2,sound,text1a_pre,text1b', 'sound,text1b']
800a3794..800a3794 n=  1 gp-owner=code6cac_c                                    other-refs=['code6cac_c_mid']
800a3798..800a3798 n=  1 gp-owner=ings                                          other-refs=[]
800a379c..800a379e n=  2 gp-owner=code6cac_c_mid                                other-refs=[]
800a37a0..800a37a0 n=  1 gp-owner=ings                                          other-refs=['code6cac_c_ab,code6cac_tu2,text1b']
800a37a4..800a37bc n=  8 gp-owner=-                                             other-refs=['code6cac_b2_post,code6cac_b2_pre,code6cac_b3,code6cac_b_tu2,code6cac_c2,code6cac_c_ab,code6cac_tu2,replay_camera_rob_back_loose2', 'code6cac_b_tu2', 'code6cac_c2,code6cac_c_ab', 'code6cac_c2,code6cac_c_ab,code6cac_c_mid', 'code6cac_c2,code6cac_c_ab,code6cac_tu2', 'code6cac_c_ab,ings']
800a37c0..800a37c0 n=  1 gp-owner=ings                                          other-refs=['code6cac_c_ab']
800a37c4..800a37c4 n=  1 gp-owner=code6cac_c_ab,code6cac_c_mid                  other-refs=[]
800a37c6..800a37c6 n=  1 gp-owner=-                                             other-refs=['code6cac_c_ab,code6cac_tu2']
800a37c8..800a37d0 n=  2 gp-owner=code6cac_c_mid                                other-refs=[]
800a37d2..800a37d3 n=  2 gp-owner=-                                             other-refs=['code6cac_b_tu2,code6cac_c2,code6cac_tu2,text1b', 'code6cac_b_tu2,code6cac_tu2']
800a37d4..800a37d4 n=  1 gp-owner=text1b_tu1c                                   other-refs=[]
800a37d8..800a37d8 n=  1 gp-owner=code6cac_c_ab                                 other-refs=[]
800a37dc..800a37dc n=  1 gp-owner=code6cac_c                                    other-refs=[]
800a37e0..800a37ec n=  5 gp-owner=-                                             other-refs=['code6cac_b_tu2', 'code6cac_b_tu2,code6cac_tu2', 'code6cac_tu2']
800a37f0..800a37f0 n=  1 gp-owner=code6cac_c                                    other-refs=[]
800a37f8..800a37f8 n=  1 gp-owner=-                                             other-refs=['code6cac_b3_post,code6cac_b_tu2,code6cac_tu2']
800a37fc..800a37fc n=  1 gp-owner=code6cac_c                                    other-refs=[]
