=== cc1psx -G8
	.globl	z1
	.sdata
	.align	2
	.word	0
	.globl	w1
	.align	2
	.word	5
	.align	2
	.globl	f
	.lcomm	s1,4
	.comm	t1,4
	.lcomm	s2,4
	.comm	t2,4
	.lcomm	s3,6
	.comm	t3,4
=== our cc1 -G0
 # Cc1 defaults:
 # Cc1 arguments (-G value = 0, Cpu = 3000, ISA = 1):
gcc2_compiled.:
	.globl	z1
	.data
	.align	2
z1:
	.word	0
	.globl	w1
	.align	2
w1:
	.word	5
	.align	2
	.globl	f
f:
.Lfe1:
	.local	s1
	.comm	s1,4,4
	.comm	t1,4,4
	.local	s2
	.comm	s2,4,4
	.comm	t2,4,4
	.local	s3
	.comm	s3,6,2
	.comm	t3,4,4
=== our cc1 -G8
 # Cc1 defaults:
 # Cc1 arguments (-G value = 8, Cpu = 3000, ISA = 1):
gcc2_compiled.:
	.globl	z1
	.data
	.align	2
z1:
	.word	0
	.globl	w1
	.align	2
w1:
	.word	5
	.align	2
	.globl	f
.Lfe1:
	.local	s1
	.comm	s1,4,4
	.comm	t1,4,4
	.local	s2
	.comm	s2,4,4
	.comm	t2,4,4
	.local	s3
	.comm	s3,6,2
	.comm	t3,4,4
f:
