dosemu CDROM driver installed (V0.2)
Process 0 starting: E:\command.com /e:512 /k %FDPP_AUTOEXEC% /M2

FreeDOS userspace tools can be installed with: insfdusr

BLASTER=A220 I5 D1 H5 P300 T6
MIDI=SYNTH:2 MAP:E MODE:0
Welcome to dosemu2!
    Build 2.0pre9

PSYLINK version 2.37


Linking completed.
0 error(s) in 0.6 seconds
total 104
drwxr-xr-x 2 trenton trenton   220 Sep 30 18:25 .
drwxrwxrwt 4 root    root       80 Sep 30 18:25 ..
-rwxr-xr-x 1 trenton trenton 71993 Sep 30 18:25 PSYLINK.EXE
-rw-r----- 1 trenton trenton   314 Sep 30 18:25 a.obj
-rw-r--r-- 1 trenton trenton   197 Sep 30 18:25 a.s
-rw-r----- 1 trenton trenton   280 Sep 30 18:25 b.obj
-rw-r--r-- 1 trenton trenton   168 Sep 30 18:25 b.s
-rw-r--r-- 1 trenton trenton   225 Sep 30 18:25 link.lnk
-rw-r----- 1 trenton trenton    68 Sep 30 18:25 out.bin
-rw-r----- 1 trenton trenton   512 Sep 30 18:25 out.map
-rw-r----- 1 trenton trenton    95 Sep 30 18:25 out.sym

    Start     Stop   Length      Obj Group            Section name
 80010000 8001003B 0000003C 80010000 TEXT             .TEXT
 8001003C 80010043 00000008 8001003C SDATA            .SDATA
 80010044 8001005F 0000001C 80010044 SBSS             .SBSS


  Address  Names alphabetically
 80010058  A_COM
 8001005C  B_COM
 80010000  FA
 80010020  FB
 80010054  SHARED_COM



  Address  Names in address order
 80010000  FA
 80010020  FB
 80010054  SHARED_COM
 80010058  A_COM
 8001005C  B_COM

