

Linking completed.
0 error(s) in 0.0 seconds
    Start     Stop   Length      Obj Group            Section name
 80010000 80010043 00000044 80010000 TEXT             .TEXT
 80010044 80010057 00000014 80010044 SBSS             .SBSS
 80010058 80010083 0000002C 80010058 BSS              .BSS
  Address  Names alphabetically
 80010074  A_BIGC
 80010054  A_COM
 80010000  FA
 80010028  FB
  Address  Names in address order
 80010000  FA
 80010028  FB
 80010054  A_COM
 80010074  A_BIGC
=== decoded (gp = start of .sdata group; lui/addiu pairs resolved)
sections: {'.TEXT': '0x80010000', '.SBSS': '0x80010044', '.BSS': '0x80010058'}
fa: a_s1       lw gp+0 -> 80010044
fa: a_big      la  -> 80010058
fa: a_s2       lw gp+4 -> 80010048
fa: a_com      lw gp+16 -> 80010054
fa: a_bigc     la  -> 80010074
fb: b_s1       lw gp+8 -> 8001004c
fb: b_big      la  -> 80010068
fb: b_s2       lw gp+12 -> 80010050
