## 1. p0.c (static short D_pair[2]; [0], [1], return D_pair): our cc1 -G0, with the expand (rtl) / cse / cse2 / combine / greg tail
	jal	ratan2
	move	$16,$6
	la	$3,D_pair
	subu	$4,$0,$2
	move	$2,$3
	sh	$4,0($2)
	sh	$16,D_pair+2
	lw	$31,20($sp)
	lw	$16,16($sp)
	addu	$sp,$sp,24
	j	$31
--- rtl
(insn 24 22 26 (set (reg:SI 77)
        (symbol_ref:SI ("D_pair"))) -1 (nil)
    (expr_list:REG_EQUAL (symbol_ref:SI ("D_pair"))
        (nil)))
(insn 26 24 27 (set (reg:HI 78)
        (subreg:HI (reg:SI 76) 0)) -1 (nil)
    (nil))
(insn 27 26 29 (set (reg:SI 79)
(insn 29 27 32 (set (mem/s:HI (reg:SI 77))
        (subreg:HI (reg:SI 79) 0)) -1 (nil)
    (nil))
(insn 32 29 34 (set (reg:SI 80)
(insn 34 32 37 (set (mem/s:HI (reg:SI 80))
        (reg/v:HI 74)) -1 (nil)
    (nil))
(insn 37 34 38 (set (reg/i:SI 2 v0)
(insn 38 37 39 (use (reg/i:SI 2 v0)) -1 (nil)
    (nil))
(jump_insn 39 38 40 (set (pc)
        (label_ref 44)) -1 (nil)
--- cse
(insn 24 22 27 (set (reg:SI 77)
        (symbol_ref:SI ("D_pair"))) 159 {movsi_internal2} (nil)
    (expr_list:REG_EQUAL (symbol_ref:SI ("D_pair"))
        (nil)))
(insn 27 24 29 (set (reg:SI 79)
        (neg:SI (reg:SI 76))) 80 {negsi2} (nil)
    (nil))
(insn 29 27 34 (set (mem/s:HI (reg:SI 77))
(insn 34 29 37 (set (mem/s:HI (plus:SI (reg:SI 77)
                (const_int 2)))
        (reg/v:HI 74)) 163 {movhi_internal2} (nil)
    (nil))
(insn 37 34 38 (set (reg/i:SI 2 v0)
        (reg:SI 77)) 159 {movsi_internal2} (nil)
    (expr_list:REG_EQUAL (symbol_ref:SI ("D_pair"))
        (nil)))
(insn 38 37 0 (use (reg/i:SI 2 v0)) -1 (nil)
    (nil))
--- cse2
(insn 24 22 27 (set (reg:SI 77)
        (symbol_ref:SI ("D_pair"))) 159 {movsi_internal2} (nil)
    (expr_list:REG_EQUAL (symbol_ref:SI ("D_pair"))
        (nil)))
(insn 27 24 29 (set (reg:SI 79)
        (neg:SI (reg:SI 76))) 80 {negsi2} (nil)
    (nil))
(insn 29 27 34 (set (mem/s:HI (reg:SI 77))
(insn 34 29 37 (set (mem/s:HI (const:SI (plus:SI (symbol_ref:SI ("D_pair"))
                    (const_int 2))))
        (reg/v:HI 74)) 163 {movhi_internal2} (nil)
    (nil))
(insn 37 34 38 (set (reg/i:SI 2 v0)
        (reg:SI 77)) 159 {movsi_internal2} (nil)
    (expr_list:REG_EQUAL (symbol_ref:SI ("D_pair"))
        (nil)))
(insn 38 37 0 (use (reg/i:SI 2 v0)) -1 (nil)
    (nil))
--- combine
(insn 24 22 27 (set (reg:SI 77)
        (symbol_ref:SI ("D_pair"))) 159 {movsi_internal2} (nil)
    (expr_list:REG_EQUAL (symbol_ref:SI ("D_pair"))
        (nil)))
(insn 27 24 29 (set (reg:SI 79)
        (neg:SI (reg:SI 2 v0))) 80 {negsi2} (insn_list 20 (nil))
    (expr_list:REG_DEAD (reg:SI 2 v0)
        (nil)))
(insn 29 27 34 (set (mem/s:HI (reg:SI 77))
        (subreg:HI (reg:SI 79) 0)) 163 {movhi_internal2} (insn_list 24 (insn_list 27 (nil)))
    (expr_list:REG_DEAD (reg:SI 79)
        (nil)))
(insn 34 29 37 (set (mem/s:HI (const:SI (plus:SI (symbol_ref:SI ("D_pair"))
                    (const_int 2))))
        (reg/v:HI 74)) 163 {movhi_internal2} (insn_list 10 (nil))
    (expr_list:REG_DEAD (reg/v:HI 74)
(insn 37 34 38 (set (reg/i:SI 2 v0)
        (reg:SI 77)) 159 {movsi_internal2} (nil)
    (expr_list:REG_DEAD (reg:SI 77)
        (expr_list:REG_EQUAL (symbol_ref:SI ("D_pair"))
(insn 38 37 0 (use (reg/i:SI 2 v0)) -1 (insn_list 37 (nil))
    (expr_list:REG_DEAD (reg/i:SI 2 v0)
        (nil)))
;; Combiner totals: 19 attempts, 8 substitutions (2 requiring new space),
--- greg
(insn 24 20 27 (set (reg:SI 3 v1)
        (symbol_ref:SI ("D_pair"))) 159 {movsi_internal2} (insn_list:REG_DEP_ANTI 20 (nil))
    (expr_list:REG_EQUIV (symbol_ref:SI ("D_pair"))
        (nil)))
(insn 27 24 37 (set (reg:SI 4 a0)
        (neg:SI (reg:SI 2 v0))) 80 {negsi2} (insn_list 20 (nil))
    (expr_list:REG_DEAD (reg:SI 2 v0)
        (nil)))
(insn 37 27 29 (set (reg/i:SI 2 v0)
        (reg:SI 3 v1)) 159 {movsi_internal2} (insn_list 24 (insn_list:REG_DEP_ANTI 20 (insn_list:REG_DEP_ANTI 27 (nil))))
    (expr_list:REG_DEAD (reg:SI 3 v1)
        (expr_list:REG_EQUAL (symbol_ref:SI ("D_pair"))
(insn 29 37 34 (set (mem/s:HI (reg/i:SI 2 v0))
        (subreg:HI (reg:SI 4 a0) 0)) 163 {movhi_internal2} (insn_list:REG_DEP_ANTI 20 (insn_list 24 (insn_list 27 (nil))))
    (expr_list:REG_DEAD (reg:SI 4 a0)
        (nil)))
(insn 34 29 38 (set (mem/s:HI (const:SI (plus:SI (symbol_ref:SI ("D_pair"))
                    (const_int 2))))
        (reg/v:HI 16 s0)) 163 {movhi_internal2} (insn_list:REG_DEP_ANTI 20 (insn_list 10 (nil)))
    (expr_list:REG_DEAD (reg/v:HI 16 s0)
(insn 38 34 45 (use (reg/i:SI 2 v0)) -1 (insn_list:REG_DEP_ANTI 29 (insn_list:REG_DEP_ANTI 34 (insn_list:REG_DEP_ANTI 20 (insn_list 37 (nil)))))
    (expr_list:REG_DEAD (reg/i:SI 2 v0)
        (nil)))
(note 45 38 46 "" NOTE_INSN_DELETED)

## 2. p0.c under the original cc1psx -G0 (calibration): the same extra move
f:
	subu	$sp,$sp,24
	sw	$16,16($sp)
	sw	$31,20($sp)
	jal	ratan2
	move	$16,$6

	la	$3,D_pair
	subu	$4,$0,$2
	move	$2,$3
	sh	$4,0($2)
	sh	$16,D_pair+2
	lw	$31,20($sp)
	lw	$16,16($sp)
	addu	$sp,$sp,24
	j	$31


## 3. respellings, our cc1 -G0 (tail after the second call)
--- v1.c
    short *p = D_pair;
    *p++ = -ratan2(a, b);
    *p = s0;
    return D_pair;
}
	jal	ratan2
	move	$17,$6
	subu	$2,$0,$2
	sh	$2,0($16)
	addu	$16,$16,2
	addu	$2,$16,-2
	sh	$17,0($16)
	lw	$31,24($sp)
	lw	$17,20($sp)
	lw	$16,16($sp)
	addu	$sp,$sp,32
	j	$31
--- v2.c
    short *p = D_pair;
    p[0] = -ratan2(a, b);
    p[1] = s0;
    return p;
}
	jal	ratan2
	move	$16,$6
	la	$3,D_pair
	subu	$4,$0,$2
	move	$2,$3
	sh	$4,0($2)
	sh	$16,D_pair+2
	lw	$31,20($sp)
	lw	$16,16($sp)
	addu	$sp,$sp,24
	j	$31
--- v3.c
    short *p;
    short t = -ratan2(a, b);
    p = D_pair;
    *p++ = t;
    *p = s0;
    return D_pair;
}
	jal	ratan2
	move	$16,$6
	subu	$2,$0,$2
	la	$3,D_pair
	sh	$2,0($3)
	addu	$3,$3,2
	addu	$2,$3,-2
	sh	$16,0($3)
	lw	$31,20($sp)
	lw	$16,16($sp)
	addu	$sp,$sp,24
	j	$31
--- v4.c
    short t = -ratan2(a, b);
    D_pair[1] = s0;
    D_pair[0] = t;
    return D_pair;
}
	jal	ratan2
	move	$16,$6
	subu	$4,$0,$2
	la	$3,D_pair+2
	addu	$2,$3,-2
	sh	$16,0($3)
	sh	$4,-2($3)
	lw	$31,20($sp)
	lw	$16,16($sp)
	addu	$sp,$sp,24
	j	$31
--- v5.c
    short t = -ratan2(a, b);
    D_pair[0] = t;
    D_pair[1] = s0;
    return D_pair;
}
	jal	ratan2
	move	$16,$6
	subu	$3,$0,$2
	la	$2,D_pair
	sh	$3,0($2)
	sh	$16,D_pair+2
	lw	$31,20($sp)
	lw	$16,16($sp)
	addu	$sp,$sp,24
	j	$31
--- v6.c
    int t = ratan2(a, b);
    D_pair[0] = -t;
    D_pair[1] = s0;
    return D_pair;
}
	jal	ratan2
	move	$16,$6
	la	$3,D_pair
	subu	$4,$0,$2
	move	$2,$3
	sh	$4,0($2)
	sh	$16,D_pair+2
	lw	$31,20($sp)
	lw	$16,16($sp)
	addu	$sp,$sp,24
	j	$31

## 4. file-scope asm between two functions (fasm.c): order of the output
=== cc1psx -G0
first:
handwritten:
second:
=== our cc1 -G0
first:
handwritten:
second:
=== cc1psx -G8
handwritten:
first:
second:
=== our cc1 -G8
handwritten:
first:
second:

## 5. externs / statics under -G8, cc1psx vs our cc1 (ext.c): identical
=== cc1psx -G8






	.extern	X1, 2
	.extern	X0, 2

fe:
	jal	ratan2
	move	$16,$6

	subu	$3,$0,$2
	la	$2,X0
	sh	$3,X0
	sh	$16,X1
	j	$31
fe2:
	move	$16,$4
	la	$4,X0
	sh	$16,X0
	jal	use
	la	$4,X0
	sh	$16,X1
	jal	use
	j	$31
fs2:
	move	$16,$4
	la	$4,S0
	sh	$16,S0
	jal	use
	addu	$16,$16,1

	la	$4,S0
	sh	$16,S0
	jal	use
	j	$31
=== our cc1 -G8
	.extern	X1, 2
	.extern	X0, 2
fe:
	jal	ratan2
	move	$16,$6
	subu	$3,$0,$2
	la	$2,X0
	sh	$3,X0
	sh	$16,X1
	j	$31
fe2:
	move	$16,$4
	la	$4,X0
	sh	$16,X0
	jal	use
	la	$4,X0
	sh	$16,X1
	jal	use
	j	$31
fs2:
	move	$16,$4
	la	$4,S0
	sh	$16,S0
	jal	use
	addu	$16,$16,1
	la	$4,S0
	sh	$16,S0
	jal	use
	j	$31
## 6. text1b with the candidate, cc1 -G0 vs -G8 (order-free per-function diff)
asm/funcs/func_80052C10.s: Assembler messages:
asm/funcs/func_80052C10.s:14: Warning: missing .end
asm/funcs/func_80052C10.s:1:  Info: macro invoked from here
/tmp/camG8/g0.s:7173: Warning: missing .end
asm/funcs/func_80052C10.s: Assembler messages:
asm/funcs/func_80052C10.s:14: Warning: missing .end
asm/funcs/func_80052C10.s:1:  Info: macro invoked from here
asm/funcs/func_80054440.s:14: Warning: missing .end
asm/funcs/func_80054440.s:1:  Info: macro invoked from here
8 functions differ (order-free):
  camera_CalcAngles 72 -> 72
      @@ -59 +59,2 @@
      -lui	v1,0x0
      +negu	v1,v0
      +lui	v0,0x0
      @@ -61 +62 @@
      -addiu	v1,v1,24
      +addiu	v0,v0,24
      @@ -63,3 +64,2 @@
      -negu	a0,v0
      -move	v0,v1
      -sh	a0,0(v0)
      +sh	v1,24(gp)
      +R_MIPS_GPREL16	.sbss
  func_800460E4 298 -> 298
      @@ -34 +34 @@
      -lw	v0,0(at)
      +lw	v0,1136(at)
      @@ -146 +146 @@
      -lw	v0,128(at)
      +lw	v0,1264(at)
  func_800466C0 63 -> 63
      @@ -39 +39 @@
      -lw	v0,256(at)
      +lw	v0,1392(at)
  func_800475A4 138 -> 142
      @@ -1,3 +1,2 @@
      -addiu	sp,sp,-136
      -sw	ra,128(sp)
      -sw	s3,124(sp)
      +addiu	sp,sp,-128
      +sw	ra,124(sp)
      @@ -11 +10 @@
      -lui	s3,0x0
      +lui	s2,0x0
      @@ -13 +12 @@
      -addiu	s3,s3,24
      +addiu	s2,s2,24
      @@ -15 +14 @@
      -move	a0,s3
  func_800477E8 207 -> 210
      @@ -115 +115,4 @@
      -sb	v0,0(a0)
      +lui	at,0x0
      +R_MIPS_HI16	D_800EF070
      +sb	v0,0(at)
      +R_MIPS_LO16	D_800EF070
  func_80058580 3324 -> 3324
      @@ -1708 +1708 @@
      -lw	v0,1448(at)
      +lw	v0,1456(at)
      @@ -1991 +1991 @@
      -lw	v0,1488(at)
      +lw	v0,1496(at)
      @@ -2169 +2169 @@
      -lw	v0,1512(at)
      +lw	v0,1520(at)
  func_8005D46C 66 -> 67
      @@ -1 +1 @@
      -addiu	sp,sp,-88
      +addiu	sp,sp,-80
      @@ -4,2 +4 @@
      -sw	ra,80(sp)
      -sw	s3,76(sp)
      +sw	ra,76(sp)
      @@ -16 +15 @@
      -lui	s1,0x0
      +lui	v0,0x0
      @@ -18 +17 @@
      -addiu	s1,s1,0
      +addiu	v0,v0,0
      @@ -20 +19 @@
  func_8005E54C 943 -> 938
      @@ -114,2 +114,3 @@
      -addiu	a1,a1,0
      -R_MIPS_LO16	D_8009BD38
      +lw	a1,0(a1)
      +R_MIPS_LO16	D_8009BD38
      +move	s4,zero
      @@ -117,4 +118 @@
      -sb	zero,80(sp)
      -lw	v0,0(a1)
      -nop
      -srl	v0,v0,0xa
      +srl	v0,a1,0xa
      @@ -124 +122 @@
      -move	s4,zero
function order identical: False | first divergence: (0, 'func_800460E4', 'func_80048FFC')
--- sections -G0
  0 .text         0001a988  00000000  00000000  00000040  2**4
  1 .data         00000000  00000000  00000000  0001a9d0  2**4
  2 .bss          00000000  00000000  00000000  0001a9d0  2**4
  3 .reginfo      00000018  00000000  00000000  0001a9d0  2**2
  4 .MIPS.abiflags 00000018  00000000  00000000  0001a9e8  2**3
  5 .pdr          00001fc0  00000000  00000000  0001aa00  2**2
  6 .note         00000014  00000000  00000000  0001c9c0  2**2
  7 .rodata       00000600  00000000  00000000  0001c9d4  2**2
  8 .sdata        00000070  00000000  00000000  0001cfd4  2**2
  9 .comment      00000012  00000000  00000000  0001d044  2**0
 10 .sbss         0000006c  00000000  00000000  0001d058  2**2
 11 .gnu.attributes 00000010  00000000  00000000  0001d058  2**0

--- sections -G8
  0 .text         0001a970  00000000  00000000  00000040  2**4
  1 .data         00000000  00000000  00000000  0001a9b0  2**4
  2 .bss          00000000  00000000  00000000  0001a9b0  2**4
  3 .reginfo      00000018  00000000  00000000  0001a9b0  2**2
  4 .MIPS.abiflags 00000018  00000000  00000000  0001a9c8  2**3
  5 .pdr          00001fc0  00000000  00000000  0001a9e0  2**2
  6 .note         00000014  00000000  00000000  0001c9a0  2**2
  7 .rodata       00000608  00000000  00000000  0001c9b4  2**2
  8 .sdata        00000070  00000000  00000000  0001cfbc  2**2
  9 .comment      00000012  00000000  00000000  0001d02c  2**0
 10 .sbss         0000006c  00000000  00000000  0001d040  2**2
 11 .gnu.attributes 00000010  00000000  00000000  0001d040  2**0

