Agettnfifelse.c.s at cse - -
Agettnfinv.c.s at cse - -
Agettnfbrk.c.s at cse - -
Agettsfifelse.c.s reg reload - lafirst
Agettsfinv.c.s reg cse - lafirst
Agettsfbrk.c.s reg reload - lafirst
Agetdnfifelse.c.s at cse - -
Agetdnfinv.c.s at reload hoist -
Agetdnfbrk.c.s at cse - -
Agetdsfifelse.c.s at reload - lafirst
Agetdsfinv.c.s at reload hoist lafirst
Agetdsfbrk.c.s at reload - lafirst
Agetznfifelse.c.s at cse - -
Agetznfinv.c.s at cse - -
Agetznfbrk.c.s at cse - -
Agetzsfifelse.c.s reg reload - lafirst
Agetzsfinv.c.s reg cse - lafirst
Agetzsfbrk.c.s reg reload - lafirst
Agedtnfifelse.c.s at cse - lafirst
Agedtnfinv.c.s at reload hoist lafirst
Agedtnfbrk.c.s at cse - lafirst
Agedtsfifelse.c.s reg reload hoist lafirst
Agedtsfinv.c.s reg reload hoist lafirst
Agedtsfbrk.c.s reg reload hoist lafirst
Ageddnfifelse.c.s at cse - -
Ageddnfinv.c.s at cse - -
Ageddnfbrk.c.s at cse - -
Ageddsfifelse.c.s reg reload hoist -
Ageddsfinv.c.s reg cse - -
Ageddsfbrk.c.s reg reload hoist -
Agedznfifelse.c.s at cse - lafirst
Agedznfinv.c.s at reload hoist lafirst
Agedznfbrk.c.s at cse - lafirst
Agedzsfifelse.c.s reg reload hoist lafirst
Agedzsfinv.c.s reg reload hoist lafirst
Agedzsfbrk.c.s reg reload hoist lafirst
Ageztnfifelse.c.s at cse - -
Ageztnfinv.c.s at cse - -
Ageztnfbrk.c.s at cse - -
Ageztsfifelse.c.s reg reload - lafirst
Ageztsfinv.c.s reg cse - lafirst
Ageztsfbrk.c.s reg reload - lafirst
Agezdnfifelse.c.s at cse - -
Agezdnfinv.c.s at reload hoist -
Agezdnfbrk.c.s at cse - -
Agezdsfifelse.c.s at reload - lafirst
Agezdsfinv.c.s at reload hoist lafirst
Agezdsfbrk.c.s at reload - lafirst
Agezznfifelse.c.s at cse - -
Agezznfinv.c.s at cse - -
Agezznfbrk.c.s at cse - -
Agezzsfifelse.c.s reg reload - lafirst
Agezzsfinv.c.s reg cse - lafirst
Agezzsfbrk.c.s reg reload - lafirst
Agtttnfifelse.c.s at cse - -
Agtttnfinv.c.s at cse - -
Agtttnfbrk.c.s at cse - -
Agtttsfifelse.c.s reg reload - lafirst
Agtttsfinv.c.s reg cse - lafirst
Agtttsfbrk.c.s reg reload - lafirst
Agttdnfifelse.c.s at cse - -
Agttdnfinv.c.s at reload hoist -
Agttdnfbrk.c.s at cse - -
Agttdsfifelse.c.s at reload - lafirst
Agttdsfinv.c.s at reload hoist lafirst
Agttdsfbrk.c.s at reload - lafirst
Agttznfifelse.c.s at cse - -
Agttznfinv.c.s at cse - -
Agttznfbrk.c.s at cse - -
Agttzsfifelse.c.s reg reload - lafirst
Agttzsfinv.c.s reg cse - lafirst
Agttzsfbrk.c.s reg reload - lafirst
Agtdtnfifelse.c.s at cse - lafirst
Agtdtnfinv.c.s at reload hoist lafirst
Agtdtnfbrk.c.s at cse - lafirst
Agtdtsfifelse.c.s reg reload hoist lafirst
Agtdtsfinv.c.s reg reload hoist lafirst
Agtdtsfbrk.c.s reg reload hoist lafirst
Agtddnfifelse.c.s at cse - -
Agtddnfinv.c.s at cse - -
Agtddnfbrk.c.s at cse - -
Agtddsfifelse.c.s reg reload hoist -
Agtddsfinv.c.s reg cse - -
Agtddsfbrk.c.s reg reload hoist -
Agtdznfifelse.c.s at cse - lafirst
Agtdznfinv.c.s at reload hoist lafirst
Agtdznfbrk.c.s at cse - lafirst
Agtdzsfifelse.c.s reg reload hoist lafirst
Agtdzsfinv.c.s reg reload hoist lafirst
Agtdzsfbrk.c.s reg reload hoist lafirst
Agtztnfifelse.c.s at cse - -
Agtztnfinv.c.s at cse - -
Agtztnfbrk.c.s at cse - -
Agtztsfifelse.c.s reg reload - lafirst
Agtztsfinv.c.s reg cse - lafirst
Agtztsfbrk.c.s reg reload - lafirst
Agtzdnfifelse.c.s at cse - -
Agtzdnfinv.c.s at reload hoist -
Agtzdnfbrk.c.s at cse - -
Agtzdsfifelse.c.s at reload - lafirst
Agtzdsfinv.c.s at reload hoist lafirst
Agtzdsfbrk.c.s at reload - lafirst
Agtzznfifelse.c.s at cse - -
Agtzznfinv.c.s at cse - -
Agtzznfbrk.c.s at cse - -
Agtzzsfifelse.c.s reg reload - lafirst
Agtzzsfinv.c.s reg cse - lafirst
Agtzzsfbrk.c.s reg reload - lafirst
Anlttnfifelse.c.s at cse - -
Anlttnfinv.c.s at cse - -
Anlttnfbrk.c.s at cse - -
Anlttsfifelse.c.s reg reload - lafirst
Anlttsfinv.c.s reg cse - lafirst
Anlttsfbrk.c.s reg reload - lafirst
Anltdnfifelse.c.s at cse - -
Anltdnfinv.c.s at reload hoist -
Anltdnfbrk.c.s at cse - -
Anltdsfifelse.c.s at reload - lafirst
Anltdsfinv.c.s at reload hoist lafirst
Anltdsfbrk.c.s at reload - lafirst
Anltznfifelse.c.s at cse - -
Anltznfinv.c.s at cse - -
Anltznfbrk.c.s at cse - -
Anltzsfifelse.c.s reg reload - lafirst
Anltzsfinv.c.s reg cse - lafirst
Anltzsfbrk.c.s reg reload - lafirst
Anldtnfifelse.c.s at cse - lafirst
Anldtnfinv.c.s at reload hoist lafirst
Anldtnfbrk.c.s at cse - lafirst
Anldtsfifelse.c.s reg reload hoist lafirst
Anldtsfinv.c.s reg reload hoist lafirst
Anldtsfbrk.c.s reg reload hoist lafirst
Anlddnfifelse.c.s at cse - -
Anlddnfinv.c.s at cse - -
Anlddnfbrk.c.s at cse - -
Anlddsfifelse.c.s reg reload hoist -
Anlddsfinv.c.s reg cse - -
Anlddsfbrk.c.s reg reload hoist -
Anldznfifelse.c.s at cse - lafirst
Anldznfinv.c.s at reload hoist lafirst
Anldznfbrk.c.s at cse - lafirst
Anldzsfifelse.c.s reg reload hoist lafirst
Anldzsfinv.c.s reg reload hoist lafirst
Anldzsfbrk.c.s reg reload hoist lafirst
Anlztnfifelse.c.s at cse - -
Anlztnfinv.c.s at cse - -
Anlztnfbrk.c.s at cse - -
Anlztsfifelse.c.s reg reload - lafirst
Anlztsfinv.c.s reg cse - lafirst
Anlztsfbrk.c.s reg reload - lafirst
Anlzdnfifelse.c.s at cse - -
Anlzdnfinv.c.s at reload hoist -
Anlzdnfbrk.c.s at cse - -
Anlzdsfifelse.c.s at reload - lafirst
Anlzdsfinv.c.s at reload hoist lafirst
Anlzdsfbrk.c.s at reload - lafirst
Anlzznfifelse.c.s at cse - -
Anlzznfinv.c.s at cse - -
Anlzznfbrk.c.s at cse - -
Anlzzsfifelse.c.s reg reload - lafirst
Anlzzsfinv.c.s reg cse - lafirst
Anlzzsfbrk.c.s reg reload - lafirst
Bgettnfifelse.c.s at cse - -
Bgettnfinv.c.s at cse - -
Bgettnfbrk.c.s at cse - -
Bgettsfifelse.c.s reg reload - lafirst
Bgettsfinv.c.s reg cse - lafirst
Bgettsfbrk.c.s reg reload - lafirst
Bgetdnfifelse.c.s at cse - -
Bgetdnfinv.c.s at cse - -
Bgetdnfbrk.c.s at cse - -
Bgetdsfifelse.c.s reg reload - lafirst
Bgetdsfinv.c.s reg cse - lafirst
Bgetdsfbrk.c.s reg reload - lafirst
Bgetznfifelse.c.s at cse - -
Bgetznfinv.c.s at cse - -
Bgetznfbrk.c.s at cse - -
Bgetzsfifelse.c.s reg reload - lafirst
Bgetzsfinv.c.s reg cse - lafirst
Bgetzsfbrk.c.s reg reload - lafirst
Bgedtnfifelse.c.s at cse - -
Bgedtnfinv.c.s at cse - -
Bgedtnfbrk.c.s at cse - -
Bgedtsfifelse.c.s reg reload hoist lafirst
Bgedtsfinv.c.s reg cse - lafirst
Bgedtsfbrk.c.s reg reload hoist lafirst
Bgeddnfifelse.c.s at cse - -
Bgeddnfinv.c.s at cse - -
Bgeddnfbrk.c.s at cse - -
Bgeddsfifelse.c.s reg reload hoist lafirst
Bgeddsfinv.c.s reg cse - lafirst
Bgeddsfbrk.c.s reg reload hoist lafirst
Bgedznfifelse.c.s at cse - -
Bgedznfinv.c.s at cse - -
Bgedznfbrk.c.s at cse - -
Bgedzsfifelse.c.s reg reload hoist lafirst
Bgedzsfinv.c.s reg cse - lafirst
Bgedzsfbrk.c.s reg reload hoist lafirst
Bgeztnfifelse.c.s at cse - -
Bgeztnfinv.c.s at cse - -
Bgeztnfbrk.c.s at cse - -
Bgeztsfifelse.c.s reg reload - lafirst
Bgeztsfinv.c.s reg cse - lafirst
Bgeztsfbrk.c.s reg reload - lafirst
Bgezdnfifelse.c.s at cse - -
Bgezdnfinv.c.s at cse - -
Bgezdnfbrk.c.s at cse - -
Bgezdsfifelse.c.s reg reload - lafirst
Bgezdsfinv.c.s reg cse - lafirst
Bgezdsfbrk.c.s reg reload - lafirst
Bgezznfifelse.c.s at cse - -
Bgezznfinv.c.s at cse - -
Bgezznfbrk.c.s at cse - -
Bgezzsfifelse.c.s reg reload - lafirst
Bgezzsfinv.c.s reg cse - lafirst
Bgezzsfbrk.c.s reg reload - lafirst
Bgtttnfifelse.c.s at cse - -
Bgtttnfinv.c.s at cse - -
Bgtttnfbrk.c.s at cse - -
Bgtttsfifelse.c.s reg reload - lafirst
Bgtttsfinv.c.s reg cse - lafirst
Bgtttsfbrk.c.s reg reload - lafirst
Bgttdnfifelse.c.s at cse - -
Bgttdnfinv.c.s at cse - -
Bgttdnfbrk.c.s at cse - -
Bgttdsfifelse.c.s reg reload - lafirst
Bgttdsfinv.c.s reg cse - lafirst
Bgttdsfbrk.c.s reg reload - lafirst
Bgttznfifelse.c.s at cse - -
Bgttznfinv.c.s at cse - -
Bgttznfbrk.c.s at cse - -
Bgttzsfifelse.c.s reg reload - lafirst
Bgttzsfinv.c.s reg cse - lafirst
Bgttzsfbrk.c.s reg reload - lafirst
Bgtdtnfifelse.c.s at cse - -
Bgtdtnfinv.c.s at cse - -
Bgtdtnfbrk.c.s at cse - -
Bgtdtsfifelse.c.s reg reload hoist lafirst
Bgtdtsfinv.c.s reg cse - lafirst
Bgtdtsfbrk.c.s reg reload hoist lafirst
Bgtddnfifelse.c.s at cse - -
Bgtddnfinv.c.s at cse - -
Bgtddnfbrk.c.s at cse - -
Bgtddsfifelse.c.s reg reload hoist lafirst
Bgtddsfinv.c.s reg cse - lafirst
Bgtddsfbrk.c.s reg reload hoist lafirst
Bgtdznfifelse.c.s at cse - -
Bgtdznfinv.c.s at cse - -
Bgtdznfbrk.c.s at cse - -
Bgtdzsfifelse.c.s reg reload hoist lafirst
Bgtdzsfinv.c.s reg cse - lafirst
Bgtdzsfbrk.c.s reg reload hoist lafirst
Bgtztnfifelse.c.s at cse - -
Bgtztnfinv.c.s at cse - -
Bgtztnfbrk.c.s at cse - -
Bgtztsfifelse.c.s reg reload - lafirst
Bgtztsfinv.c.s reg cse - lafirst
Bgtztsfbrk.c.s reg reload - lafirst
Bgtzdnfifelse.c.s at cse - -
Bgtzdnfinv.c.s at cse - -
Bgtzdnfbrk.c.s at cse - -
Bgtzdsfifelse.c.s reg reload - lafirst
Bgtzdsfinv.c.s reg cse - lafirst
Bgtzdsfbrk.c.s reg reload - lafirst
Bgtzznfifelse.c.s at cse - -
Bgtzznfinv.c.s at cse - -
Bgtzznfbrk.c.s at cse - -
Bgtzzsfifelse.c.s reg reload - lafirst
Bgtzzsfinv.c.s reg cse - lafirst
Bgtzzsfbrk.c.s reg reload - lafirst
Bnlttnfifelse.c.s at cse - -
Bnlttnfinv.c.s at cse - -
Bnlttnfbrk.c.s at cse - -
Bnlttsfifelse.c.s reg reload - lafirst
Bnlttsfinv.c.s reg cse - lafirst
Bnlttsfbrk.c.s reg reload - lafirst
Bnltdnfifelse.c.s at cse - -
Bnltdnfinv.c.s at cse - -
Bnltdnfbrk.c.s at cse - -
Bnltdsfifelse.c.s reg reload - lafirst
Bnltdsfinv.c.s reg cse - lafirst
Bnltdsfbrk.c.s reg reload - lafirst
Bnltznfifelse.c.s at cse - -
Bnltznfinv.c.s at cse - -
Bnltznfbrk.c.s at cse - -
Bnltzsfifelse.c.s reg reload - lafirst
Bnltzsfinv.c.s reg cse - lafirst
Bnltzsfbrk.c.s reg reload - lafirst
Bnldtnfifelse.c.s at cse - -
Bnldtnfinv.c.s at cse - -
Bnldtnfbrk.c.s at cse - -
Bnldtsfifelse.c.s reg reload hoist lafirst
Bnldtsfinv.c.s reg cse - lafirst
Bnldtsfbrk.c.s reg reload hoist lafirst
Bnlddnfifelse.c.s at cse - -
Bnlddnfinv.c.s at cse - -
Bnlddnfbrk.c.s at cse - -
Bnlddsfifelse.c.s reg reload hoist lafirst
Bnlddsfinv.c.s reg cse - lafirst
Bnlddsfbrk.c.s reg reload hoist lafirst
Bnldznfifelse.c.s at cse - -
Bnldznfinv.c.s at cse - -
Bnldznfbrk.c.s at cse - -
Bnldzsfifelse.c.s reg reload hoist lafirst
Bnldzsfinv.c.s reg cse - lafirst
Bnldzsfbrk.c.s reg reload hoist lafirst
Bnlztnfifelse.c.s at cse - -
Bnlztnfinv.c.s at cse - -
Bnlztnfbrk.c.s at cse - -
Bnlztsfifelse.c.s reg reload - lafirst
Bnlztsfinv.c.s reg cse - lafirst
Bnlztsfbrk.c.s reg reload - lafirst
Bnlzdnfifelse.c.s at cse - -
Bnlzdnfinv.c.s at cse - -
Bnlzdnfbrk.c.s at cse - -
Bnlzdsfifelse.c.s reg reload - lafirst
Bnlzdsfinv.c.s reg cse - lafirst
Bnlzdsfbrk.c.s reg reload - lafirst
Bnlzznfifelse.c.s at cse - -
Bnlzznfinv.c.s at cse - -
Bnlzznfbrk.c.s at cse - -
Bnlzzsfifelse.c.s reg reload - lafirst
Bnlzzsfinv.c.s reg cse - lafirst
Bnlzzsfbrk.c.s reg reload - lafirst
Cgettnfifelse.c.s at cse - -
Cgettnfinv.c.s at cse - -
Cgettnfbrk.c.s at cse - -
Cgettsfifelse.c.s reg reload - -
Cgettsfinv.c.s reg cse - -
Cgettsfbrk.c.s reg reload - -
Cgetdnfifelse.c.s at cse - -
Cgetdnfinv.c.s at cse - -
Cgetdnfbrk.c.s at cse - -
Cgetdsfifelse.c.s reg reload - -
Cgetdsfinv.c.s reg cse - -
Cgetdsfbrk.c.s reg reload - -
Cgetznfifelse.c.s at cse - -
Cgetznfinv.c.s at cse - -
Cgetznfbrk.c.s at cse - -
Cgetzsfifelse.c.s reg reload - -
Cgetzsfinv.c.s reg cse - -
Cgetzsfbrk.c.s reg reload - -
Cgedtnfifelse.c.s at cse - -
Cgedtnfinv.c.s at cse - -
Cgedtnfbrk.c.s at cse - -
Cgedtsfifelse.c.s reg reload hoist -
Cgedtsfinv.c.s reg cse - -
Cgedtsfbrk.c.s reg reload hoist -
Cgeddnfifelse.c.s at cse - -
Cgeddnfinv.c.s at cse - -
Cgeddnfbrk.c.s at cse - -
Cgeddsfifelse.c.s reg reload hoist -
Cgeddsfinv.c.s reg cse - -
Cgeddsfbrk.c.s reg reload hoist -
Cgedznfifelse.c.s at cse - -
Cgedznfinv.c.s at cse - -
Cgedznfbrk.c.s at cse - -
Cgedzsfifelse.c.s reg reload hoist -
Cgedzsfinv.c.s reg cse - -
Cgedzsfbrk.c.s reg reload hoist -
Cgeztnfifelse.c.s at cse - -
Cgeztnfinv.c.s at cse - -
Cgeztnfbrk.c.s at cse - -
Cgeztsfifelse.c.s reg reload - -
Cgeztsfinv.c.s reg cse - -
Cgeztsfbrk.c.s reg reload - -
Cgezdnfifelse.c.s at cse - -
Cgezdnfinv.c.s at cse - -
Cgezdnfbrk.c.s at cse - -
Cgezdsfifelse.c.s reg reload - -
Cgezdsfinv.c.s reg cse - -
Cgezdsfbrk.c.s reg reload - -
Cgezznfifelse.c.s at cse - -
Cgezznfinv.c.s at cse - -
Cgezznfbrk.c.s at cse - -
Cgezzsfifelse.c.s reg reload - -
Cgezzsfinv.c.s reg cse - -
Cgezzsfbrk.c.s reg reload - -
Cgtttnfifelse.c.s at cse - -
Cgtttnfinv.c.s at cse - -
Cgtttnfbrk.c.s at cse - -
Cgtttsfifelse.c.s reg reload - -
Cgtttsfinv.c.s reg cse - -
Cgtttsfbrk.c.s reg reload - -
Cgttdnfifelse.c.s at cse - -
Cgttdnfinv.c.s at cse - -
Cgttdnfbrk.c.s at cse - -
Cgttdsfifelse.c.s reg reload - -
Cgttdsfinv.c.s reg cse - -
Cgttdsfbrk.c.s reg reload - -
Cgttznfifelse.c.s at cse - -
Cgttznfinv.c.s at cse - -
Cgttznfbrk.c.s at cse - -
Cgttzsfifelse.c.s reg reload - -
Cgttzsfinv.c.s reg cse - -
Cgttzsfbrk.c.s reg reload - -
Cgtdtnfifelse.c.s at cse - -
Cgtdtnfinv.c.s at cse - -
Cgtdtnfbrk.c.s at cse - -
Cgtdtsfifelse.c.s reg reload hoist -
Cgtdtsfinv.c.s reg cse - -
Cgtdtsfbrk.c.s reg reload hoist -
Cgtddnfifelse.c.s at cse - -
Cgtddnfinv.c.s at cse - -
Cgtddnfbrk.c.s at cse - -
Cgtddsfifelse.c.s reg reload hoist -
Cgtddsfinv.c.s reg cse - -
Cgtddsfbrk.c.s reg reload hoist -
Cgtdznfifelse.c.s at cse - -
Cgtdznfinv.c.s at cse - -
Cgtdznfbrk.c.s at cse - -
Cgtdzsfifelse.c.s reg reload hoist -
Cgtdzsfinv.c.s reg cse - -
Cgtdzsfbrk.c.s reg reload hoist -
Cgtztnfifelse.c.s at cse - -
Cgtztnfinv.c.s at cse - -
Cgtztnfbrk.c.s at cse - -
Cgtztsfifelse.c.s reg reload - -
Cgtztsfinv.c.s reg cse - -
Cgtztsfbrk.c.s reg reload - -
Cgtzdnfifelse.c.s at cse - -
Cgtzdnfinv.c.s at cse - -
Cgtzdnfbrk.c.s at cse - -
Cgtzdsfifelse.c.s reg reload - -
Cgtzdsfinv.c.s reg cse - -
Cgtzdsfbrk.c.s reg reload - -
Cgtzznfifelse.c.s at cse - -
Cgtzznfinv.c.s at cse - -
Cgtzznfbrk.c.s at cse - -
Cgtzzsfifelse.c.s reg reload - -
Cgtzzsfinv.c.s reg cse - -
Cgtzzsfbrk.c.s reg reload - -
Cnlttnfifelse.c.s at cse - -
Cnlttnfinv.c.s at cse - -
Cnlttnfbrk.c.s at cse - -
Cnlttsfifelse.c.s reg reload - -
Cnlttsfinv.c.s reg cse - -
Cnlttsfbrk.c.s reg reload - -
Cnltdnfifelse.c.s at cse - -
Cnltdnfinv.c.s at cse - -
Cnltdnfbrk.c.s at cse - -
Cnltdsfifelse.c.s reg reload - -
Cnltdsfinv.c.s reg cse - -
Cnltdsfbrk.c.s reg reload - -
Cnltznfifelse.c.s at cse - -
Cnltznfinv.c.s at cse - -
Cnltznfbrk.c.s at cse - -
Cnltzsfifelse.c.s reg reload - -
Cnltzsfinv.c.s reg cse - -
Cnltzsfbrk.c.s reg reload - -
Cnldtnfifelse.c.s at cse - -
Cnldtnfinv.c.s at cse - -
Cnldtnfbrk.c.s at cse - -
Cnldtsfifelse.c.s reg reload hoist -
Cnldtsfinv.c.s reg cse - -
Cnldtsfbrk.c.s reg reload hoist -
Cnlddnfifelse.c.s at cse - -
Cnlddnfinv.c.s at cse - -
Cnlddnfbrk.c.s at cse - -
Cnlddsfifelse.c.s reg reload hoist -
Cnlddsfinv.c.s reg cse - -
Cnlddsfbrk.c.s reg reload hoist -
Cnldznfifelse.c.s at cse - -
Cnldznfinv.c.s at cse - -
Cnldznfbrk.c.s at cse - -
Cnldzsfifelse.c.s reg reload hoist -
Cnldzsfinv.c.s reg cse - -
Cnldzsfbrk.c.s reg reload hoist -
Cnlztnfifelse.c.s at cse - -
Cnlztnfinv.c.s at cse - -
Cnlztnfbrk.c.s at cse - -
Cnlztsfifelse.c.s reg reload - -
Cnlztsfinv.c.s reg cse - -
Cnlztsfbrk.c.s reg reload - -
Cnlzdnfifelse.c.s at cse - -
Cnlzdnfinv.c.s at cse - -
Cnlzdnfbrk.c.s at cse - -
Cnlzdsfifelse.c.s reg reload - -
Cnlzdsfinv.c.s reg cse - -
Cnlzdsfbrk.c.s reg reload - -
Cnlzznfifelse.c.s at cse - -
Cnlzznfinv.c.s at cse - -
Cnlzznfbrk.c.s at cse - -
Cnlzzsfifelse.c.s reg reload - -
Cnlzzsfinv.c.s reg cse - -
Cnlzzsfbrk.c.s reg reload - -
Dgettnfifelse.c.s at cse - -
Dgettnfinv.c.s at cse - -
Dgettnfbrk.c.s at cse - -
Dgettsfifelse.c.s reg reload - lafirst
Dgettsfinv.c.s reg cse - lafirst
Dgettsfbrk.c.s reg reload - lafirst
Dgetdnfifelse.c.s at cse - -
Dgetdnfinv.c.s at cse - -
Dgetdnfbrk.c.s at cse - -
Dgetdsfifelse.c.s reg reload - lafirst
Dgetdsfinv.c.s reg cse - lafirst
Dgetdsfbrk.c.s reg reload - lafirst
Dgetznfifelse.c.s at cse - -
Dgetznfinv.c.s at cse - -
Dgetznfbrk.c.s at cse - -
Dgetzsfifelse.c.s reg reload - lafirst
Dgetzsfinv.c.s reg cse - lafirst
Dgetzsfbrk.c.s reg reload - lafirst
Dgedtnfifelse.c.s at cse - -
Dgedtnfinv.c.s at cse - -
Dgedtnfbrk.c.s at cse - -
Dgedtsfifelse.c.s reg reload hoist lafirst
Dgedtsfinv.c.s reg cse - lafirst
Dgedtsfbrk.c.s reg reload hoist lafirst
Dgeddnfifelse.c.s at cse - -
Dgeddnfinv.c.s at cse - -
Dgeddnfbrk.c.s at cse - -
Dgeddsfifelse.c.s reg reload hoist lafirst
Dgeddsfinv.c.s reg cse - lafirst
Dgeddsfbrk.c.s reg reload hoist lafirst
Dgedznfifelse.c.s at cse - -
Dgedznfinv.c.s at cse - -
Dgedznfbrk.c.s at cse - -
Dgedzsfifelse.c.s reg reload hoist lafirst
Dgedzsfinv.c.s reg cse - lafirst
Dgedzsfbrk.c.s reg reload hoist lafirst
Dgeztnfifelse.c.s at cse - -
Dgeztnfinv.c.s at cse - -
Dgeztnfbrk.c.s at cse - -
Dgeztsfifelse.c.s reg reload - lafirst
Dgeztsfinv.c.s reg cse - lafirst
Dgeztsfbrk.c.s reg reload - lafirst
Dgezdnfifelse.c.s at cse - -
Dgezdnfinv.c.s at cse - -
Dgezdnfbrk.c.s at cse - -
Dgezdsfifelse.c.s reg reload - lafirst
Dgezdsfinv.c.s reg cse - lafirst
Dgezdsfbrk.c.s reg reload - lafirst
Dgezznfifelse.c.s at cse - -
Dgezznfinv.c.s at cse - -
Dgezznfbrk.c.s at cse - -
Dgezzsfifelse.c.s reg reload - lafirst
Dgezzsfinv.c.s reg cse - lafirst
Dgezzsfbrk.c.s reg reload - lafirst
Dgtttnfifelse.c.s at cse - -
Dgtttnfinv.c.s at cse - -
Dgtttnfbrk.c.s at cse - -
Dgtttsfifelse.c.s reg reload - lafirst
Dgtttsfinv.c.s reg cse - lafirst
Dgtttsfbrk.c.s reg reload - lafirst
Dgttdnfifelse.c.s at cse - -
Dgttdnfinv.c.s at cse - -
Dgttdnfbrk.c.s at cse - -
Dgttdsfifelse.c.s reg reload - lafirst
Dgttdsfinv.c.s reg cse - lafirst
Dgttdsfbrk.c.s reg reload - lafirst
Dgttznfifelse.c.s at cse - -
Dgttznfinv.c.s at cse - -
Dgttznfbrk.c.s at cse - -
Dgttzsfifelse.c.s reg reload - lafirst
Dgttzsfinv.c.s reg cse - lafirst
Dgttzsfbrk.c.s reg reload - lafirst
Dgtdtnfifelse.c.s at cse - -
Dgtdtnfinv.c.s at cse - -
Dgtdtnfbrk.c.s at cse - -
Dgtdtsfifelse.c.s reg reload hoist lafirst
Dgtdtsfinv.c.s reg cse - lafirst
Dgtdtsfbrk.c.s reg reload hoist lafirst
Dgtddnfifelse.c.s at cse - -
Dgtddnfinv.c.s at cse - -
Dgtddnfbrk.c.s at cse - -
Dgtddsfifelse.c.s reg reload hoist lafirst
Dgtddsfinv.c.s reg cse - lafirst
Dgtddsfbrk.c.s reg reload hoist lafirst
Dgtdznfifelse.c.s at cse - -
Dgtdznfinv.c.s at cse - -
Dgtdznfbrk.c.s at cse - -
Dgtdzsfifelse.c.s reg reload hoist lafirst
Dgtdzsfinv.c.s reg cse - lafirst
Dgtdzsfbrk.c.s reg reload hoist lafirst
Dgtztnfifelse.c.s at cse - -
Dgtztnfinv.c.s at cse - -
Dgtztnfbrk.c.s at cse - -
Dgtztsfifelse.c.s reg reload - lafirst
Dgtztsfinv.c.s reg cse - lafirst
Dgtztsfbrk.c.s reg reload - lafirst
Dgtzdnfifelse.c.s at cse - -
Dgtzdnfinv.c.s at cse - -
Dgtzdnfbrk.c.s at cse - -
Dgtzdsfifelse.c.s reg reload - lafirst
Dgtzdsfinv.c.s reg cse - lafirst
Dgtzdsfbrk.c.s reg reload - lafirst
Dgtzznfifelse.c.s at cse - -
Dgtzznfinv.c.s at cse - -
Dgtzznfbrk.c.s at cse - -
Dgtzzsfifelse.c.s reg reload - lafirst
Dgtzzsfinv.c.s reg cse - lafirst
Dgtzzsfbrk.c.s reg reload - lafirst
Dnlttnfifelse.c.s at cse - -
Dnlttnfinv.c.s at cse - -
Dnlttnfbrk.c.s at cse - -
Dnlttsfifelse.c.s reg reload - lafirst
Dnlttsfinv.c.s reg cse - lafirst
Dnlttsfbrk.c.s reg reload - lafirst
Dnltdnfifelse.c.s at cse - -
Dnltdnfinv.c.s at cse - -
Dnltdnfbrk.c.s at cse - -
Dnltdsfifelse.c.s reg reload - lafirst
Dnltdsfinv.c.s reg cse - lafirst
Dnltdsfbrk.c.s reg reload - lafirst
Dnltznfifelse.c.s at cse - -
Dnltznfinv.c.s at cse - -
Dnltznfbrk.c.s at cse - -
Dnltzsfifelse.c.s reg reload - lafirst
Dnltzsfinv.c.s reg cse - lafirst
Dnltzsfbrk.c.s reg reload - lafirst
Dnldtnfifelse.c.s at cse - -
Dnldtnfinv.c.s at cse - -
Dnldtnfbrk.c.s at cse - -
Dnldtsfifelse.c.s reg reload hoist lafirst
Dnldtsfinv.c.s reg cse - lafirst
Dnldtsfbrk.c.s reg reload hoist lafirst
Dnlddnfifelse.c.s at cse - -
Dnlddnfinv.c.s at cse - -
Dnlddnfbrk.c.s at cse - -
Dnlddsfifelse.c.s reg reload hoist lafirst
Dnlddsfinv.c.s reg cse - lafirst
Dnlddsfbrk.c.s reg reload hoist lafirst
Dnldznfifelse.c.s at cse - -
Dnldznfinv.c.s at cse - -
Dnldznfbrk.c.s at cse - -
Dnldzsfifelse.c.s reg reload hoist lafirst
Dnldzsfinv.c.s reg cse - lafirst
Dnldzsfbrk.c.s reg reload hoist lafirst
Dnlztnfifelse.c.s at cse - -
Dnlztnfinv.c.s at cse - -
Dnlztnfbrk.c.s at cse - -
Dnlztsfifelse.c.s reg reload - lafirst
Dnlztsfinv.c.s reg cse - lafirst
Dnlztsfbrk.c.s reg reload - lafirst
Dnlzdnfifelse.c.s at cse - -
Dnlzdnfinv.c.s at cse - -
Dnlzdnfbrk.c.s at cse - -
Dnlzdsfifelse.c.s reg reload - lafirst
Dnlzdsfinv.c.s reg cse - lafirst
Dnlzdsfbrk.c.s reg reload - lafirst
Dnlzznfifelse.c.s at cse - -
Dnlzznfinv.c.s at cse - -
Dnlzznfbrk.c.s at cse - -
Dnlzzsfifelse.c.s reg reload - lafirst
Dnlzzsfinv.c.s reg cse - lafirst
Dnlzzsfbrk.c.s reg reload - lafirst
